빌드 시작: 2026-04-30 오전 9:12:02
로깅의 세부 정보 표시가 Detailed(으)로 설정되었습니다.     0>프로세스 = "C:\Program Files\dotnet\dotnet.exe"
       MSBuild 실행 파일 경로 = "C:\Program Files\dotnet\sdk\7.0.402\MSBuild.dll"
       명령줄 인수 = "C:\Program Files\dotnet\sdk\7.0.402\MSBuild.dll -maxcpucount -verbosity:m -restore -consoleloggerparameters:Summary -verbosity:diag tools/FurnitureAuthoringTool/src/FurnitureAuthoring.Tool/FurnitureAuthoring.Tool.csproj -flp:logfile=tools\FurnitureAuthoringTool\build.log -distributedlogger:Microsoft.DotNet.Tools.MSBuild.MSBuildLogger,C:\Program Files\dotnet\sdk\7.0.402\dotnet.dll*Microsoft.DotNet.Tools.MSBuild.MSBuildForwardingLogger,C:\Program Files\dotnet\sdk\7.0.402\dotnet.dll"
       현재 디렉터리 = "E:\Unity\LH Editor_Refactoring"
       MSBuild 버전 = "17.7.3+8ec440e68"
       Evaluation 동안 로드된 어셈블리: System.Formats.Asn1, Version=7.0.0.0, Culture=neutral, PublicKeyToken=cc7b13ffcd2ddd51(위치: C:\Program Files\dotnet\shared\Microsoft.NETCore.App\7.0.12\System.Formats.Asn1.dll%1, MVID: 479ac10c-d9d3-4f2b-a370-f1111839e133%2, AppDomain: [Default]%2).
       Evaluation 동안 로드된 어셈블리: System.Runtime.Numerics, Version=7.0.0.0, Culture=neutral, PublicKeyToken=b03f5f7f11d50a3a(위치: C:\Program Files\dotnet\shared\Microsoft.NETCore.App\7.0.12\System.Runtime.Numerics.dll%1, MVID: f6a99f5d-36cd-49fb-964c-599651d3f9e8%2, AppDomain: [Default]%2).
       Evaluation 동안 로드된 어셈블리: Microsoft.Build.NuGetSdkResolver, Version=6.7.0.127, Culture=neutral, PublicKeyToken=31bf3856ad364e35(위치: C:\Program Files\dotnet\sdk\7.0.402\Microsoft.Build.NuGetSdkResolver.dll%1, MVID: c63c29cc-15bf-4df2-a7f3-b366061edb62%2, AppDomain: [Default]%2).
       Evaluation 동안 로드된 어셈블리: System.IO.FileSystem, Version=7.0.0.0, Culture=neutral, PublicKeyToken=b03f5f7f11d50a3a(위치: C:\Program Files\dotnet\shared\Microsoft.NETCore.App\7.0.12\System.IO.FileSystem.dll%1, MVID: c4fe409f-f0c7-4419-8b90-289671003bc7%2, AppDomain: [Default]%2).
       Evaluation 동안 로드된 어셈블리: NuGet.Protocol, Version=6.7.0.127, Culture=neutral, PublicKeyToken=31bf3856ad364e35(위치: C:\Program Files\dotnet\sdk\7.0.402\NuGet.Protocol.dll%1, MVID: 107c6d31-3397-46bd-9b94-68b144345b98%2, AppDomain: [Default]%2).
       Evaluation 동안 로드된 어셈블리: Microsoft.NET.Sdk.WorkloadMSBuildSdkResolver, Version=7.0.402.0, Culture=neutral, PublicKeyToken=31bf3856ad364e35(위치: C:\Program Files\dotnet\sdk\7.0.402\Microsoft.NET.Sdk.WorkloadMSBuildSdkResolver.dll%1, MVID: 8b571781-4bec-46fd-bbf0-a272a156b221%2, AppDomain: [Default]%2).
       Evaluation 동안 로드된 어셈블리: NuGet.Configuration, Version=6.7.0.127, Culture=neutral, PublicKeyToken=31bf3856ad364e35(위치: C:\Program Files\dotnet\sdk\7.0.402\NuGet.Configuration.dll%1, MVID: 9754170a-db61-4ed4-b69c-213e5c374735%2, AppDomain: [Default]%2).
       Evaluation 동안 로드된 어셈블리: NuGet.Credentials, Version=6.7.0.127, Culture=neutral, PublicKeyToken=31bf3856ad364e35(위치: C:\Program Files\dotnet\sdk\7.0.402\NuGet.Credentials.dll%1, MVID: cbb71c73-609c-4e89-b788-ae601ad94d1e%2, AppDomain: [Default]%2).
       SDK 'Microsoft.NET.Sdk'을(를) 확인하는 중...
       Evaluation 동안 로드된 어셈블리: Microsoft.DotNet.Cli.Utils, Version=7.0.402.0, Culture=neutral, PublicKeyToken=adb9793829ddae60(위치: C:\Program Files\dotnet\sdk\7.0.402\Microsoft.DotNet.Cli.Utils.dll%1, MVID: 9bac4c20-8f39-4efa-a454-7d67e9d14be0%2, AppDomain: [Default]%2).
       Evaluation 동안 로드된 어셈블리: System.Security.AccessControl, Version=7.0.0.0, Culture=neutral, PublicKeyToken=b03f5f7f11d50a3a(위치: C:\Program Files\dotnet\shared\Microsoft.NETCore.App\7.0.12\System.Security.AccessControl.dll%1, MVID: d0bbb067-d7bd-4824-a034-08144225043e%2, AppDomain: [Default]%2).
       Evaluation 동안 로드된 어셈블리: Microsoft.NET.Sdk.WorkloadManifestReader, Version=7.0.402.0, Culture=neutral, PublicKeyToken=adb9793829ddae60(위치: C:\Program Files\dotnet\sdk\7.0.402\Microsoft.NET.Sdk.WorkloadManifestReader.dll%1, MVID: 67851e42-cb64-4d16-83dc-875e626a63ed%2, AppDomain: [Default]%2).
       Evaluation 동안 로드된 어셈블리: System.ServiceProcess.ServiceController, Version=7.0.0.1, Culture=neutral, PublicKeyToken=b03f5f7f11d50a3a(위치: C:\Program Files\dotnet\sdk\7.0.402\runtimes\win\lib\net7.0\System.ServiceProcess.ServiceController.dll%1, MVID: 5da1b745-17c3-4b5b-b338-5e1f903c73d1%2, AppDomain: [Default]%2).
       Evaluation 동안 로드된 어셈블리: Microsoft.Deployment.DotNet.Releases, Version=1.0.0.0, Culture=neutral, PublicKeyToken=31bf3856ad364e35(위치: C:\Program Files\dotnet\sdk\7.0.402\Microsoft.Deployment.DotNet.Releases.dll%1, MVID: 750c7bd1-cef6-418d-97db-eefca19619f7%2, AppDomain: [Default]%2).
       Evaluation 동안 로드된 어셈블리: System.Security.Principal.Windows, Version=7.0.0.0, Culture=neutral, PublicKeyToken=b03f5f7f11d50a3a(위치: C:\Program Files\dotnet\shared\Microsoft.NETCore.App\7.0.12\System.Security.Principal.Windows.dll%1, MVID: 49420cdb-4254-4d2f-917e-92fdb431a264%2, AppDomain: [Default]%2).
       Evaluation 동안 로드된 어셈블리: System.Security.Claims, Version=7.0.0.0, Culture=neutral, PublicKeyToken=b03f5f7f11d50a3a(위치: C:\Program Files\dotnet\shared\Microsoft.NETCore.App\7.0.12\System.Security.Claims.dll%1, MVID: 9cf42c34-0995-454a-ba31-268386f8ae50%2, AppDomain: [Default]%2).
       Evaluation 동안 로드된 어셈블리: NuGet.Versioning, Version=6.7.0.127, Culture=neutral, PublicKeyToken=31bf3856ad364e35(위치: C:\Program Files\dotnet\sdk\7.0.402\NuGet.Versioning.dll%1, MVID: 13c43609-3220-42d3-a038-e56cd1af17c3%2, AppDomain: [Default]%2).
       Evaluation 동안 로드된 어셈블리: Microsoft.Build.NuGetSdkResolver.resources, Version=6.0.0.278, Culture=ko, PublicKeyToken=31bf3856ad364e35, processorArchitecture=MSIL(위치: C:\Program Files\dotnet\sdk\7.0.402\ko\Microsoft.Build.NuGetSdkResolver.resources.dll%1, MVID: 7221c317-7939-418c-a8a4-87dd433f7afa%2, AppDomain: [Default]%2).
       Evaluation 동안 로드된 어셈블리: System.Security.Cryptography.Algorithms, Version=7.0.0.0, Culture=neutral, PublicKeyToken=b03f5f7f11d50a3a(위치: C:\Program Files\dotnet\shared\Microsoft.NETCore.App\7.0.12\System.Security.Cryptography.Algorithms.dll%1, MVID: b11b1c36-2a37-47da-94c1-05d0ccd6fd7f%2, AppDomain: [Default]%2).
       Evaluation 동안 로드된 어셈블리: System.Security.Cryptography.Primitives, Version=7.0.0.0, Culture=neutral, PublicKeyToken=b03f5f7f11d50a3a(위치: C:\Program Files\dotnet\shared\Microsoft.NETCore.App\7.0.12\System.Security.Cryptography.Primitives.dll%1, MVID: ad13cd3b-2faf-47d9-bfd9-17a6a85f92f5%2, AppDomain: [Default]%2).
       Evaluation 동안 로드된 어셈블리: System.Security.Cryptography.X509Certificates, Version=7.0.0.0, Culture=neutral, PublicKeyToken=b03f5f7f11d50a3a(위치: C:\Program Files\dotnet\shared\Microsoft.NETCore.App\7.0.12\System.Security.Cryptography.X509Certificates.dll%1, MVID: 5521b3ca-355e-4790-a604-02cccb18a848%2, AppDomain: [Default]%2).
       Evaluation 동안 로드된 어셈블리: NuGet.Packaging, Version=6.7.0.127, Culture=neutral, PublicKeyToken=31bf3856ad364e35(위치: C:\Program Files\dotnet\sdk\7.0.402\NuGet.Packaging.dll%1, MVID: 0fd29020-8971-4533-a5e2-6e1cc0f070e7%2, AppDomain: [Default]%2).
       Evaluation 동안 로드된 어셈블리: NuGet.Protocol.resources, Version=6.0.0.278, Culture=ko, PublicKeyToken=31bf3856ad364e35, processorArchitecture=MSIL(위치: C:\Program Files\dotnet\sdk\7.0.402\ko\NuGet.Protocol.resources.dll%1, MVID: 6a56a17b-8704-4a68-b6f3-8ec1690c2941%2, AppDomain: [Default]%2).
       환경에서 값이 'MSBuildExtensionsPath'인 속성 'C:\Program Files\dotnet\sdk\7.0.402\'이(가) 확장되었습니다.
       속성 재할당: $(MSBuildProjectExtensionsPath)=C:\Program Files\dotnet\sdk\7.0.402\Current\Microsoft.Common.props(60,5)의 "E:\Unity\LH Editor_Refactoring\tools\FurnitureAuthoringTool\src\FurnitureAuthoring.Tool\obj\"(이전 값: "obj\")
       Evaluation 동안 로드된 어셈블리: System.Threading.Tasks.Parallel, Version=7.0.0.0, Culture=neutral, PublicKeyToken=b03f5f7f11d50a3a(위치: C:\Program Files\dotnet\shared\Microsoft.NETCore.App\7.0.12\System.Threading.Tasks.Parallel.dll%1, MVID: 3e558e86-300b-4067-9ac7-42d4046961ad%2, AppDomain: [Default]%2).
       환경에서 값이 'USERPROFILE'인 속성 'C:\Users\LIMSOWAN'이(가) 확장되었습니다.
       속성 재할당: $(AssemblySearchPaths)=C:\Program Files\dotnet\sdk\7.0.402\Sdks\Microsoft.NET.Sdk\targets\Microsoft.NET.Sdk.props(82,5)의 "{CandidateAssemblyFiles};{HintPathFromItem}"(이전 값: "{CandidateAssemblyFiles}")
       속성 재할당: $(AssemblySearchPaths)=C:\Program Files\dotnet\sdk\7.0.402\Sdks\Microsoft.NET.Sdk\targets\Microsoft.NET.Sdk.props(83,5)의 "{CandidateAssemblyFiles};{HintPathFromItem};{TargetFrameworkDirectory}"(이전 값: "{CandidateAssemblyFiles};{HintPathFromItem}")
       속성 재할당: $(AssemblySearchPaths)=C:\Program Files\dotnet\sdk\7.0.402\Sdks\Microsoft.NET.Sdk\targets\Microsoft.NET.Sdk.props(84,5)의 "{CandidateAssemblyFiles};{HintPathFromItem};{TargetFrameworkDirectory};{RawFileName}"(이전 값: "{CandidateAssemblyFiles};{HintPathFromItem};{TargetFrameworkDirectory}")
       속성 재할당: $(PublishAotSupported)=C:\Program Files\dotnet\sdk\7.0.402\Sdks\Microsoft.NET.Sdk\targets\Microsoft.NET.Sdk.props(120,5)의 "true"(이전 값: "false")
       SDK 'Microsoft.NET.SDK.WorkloadAutoImportPropsLocator'을(를) 확인하는 중...
       SDK 'Microsoft.DotNet.ILCompiler'을(를) 확인하는 중...
       SDK 'Microsoft.NET.ILLink.Tasks'을(를) 확인하는 중...
       속성 재할당: $(TargetsForTfmSpecificContentInPackage)=C:\Program Files\dotnet\sdk\7.0.402\Sdks\Microsoft.NET.Sdk\targets\Microsoft.NET.PackProjectTool.props(15,5)의 ";PackTool;_PackProjectToolValidation"(이전 값: ";PackTool")
       속성 재할당: $(OutputType)=E:\Unity\LH Editor_Refactoring\tools\FurnitureAuthoringTool\src\FurnitureAuthoring.Tool\FurnitureAuthoring.Tool.csproj(9,5)의 "WinExe"(이전 값: "Library")
       속성 재할당: $(PublishProfileImported)=C:\Program Files\dotnet\sdk\7.0.402\Sdks\Microsoft.NET.Sdk\targets\Microsoft.NET.Sdk.ImportPublishProfile.targets(28,5)의 "false"(이전 값: "true")
       Evaluation 동안 로드된 어셈블리: NuGet.Frameworks, Version=6.7.0.127, Culture=neutral, PublicKeyToken=31bf3856ad364e35(위치: C:\Program Files\dotnet\sdk\7.0.402\NuGet.Frameworks.dll%1, MVID: ded5044c-3469-437e-995e-f9973b4dbd3f%2, AppDomain: [Default]%2).
       속성 재할당: $(TargetPlatformVersion)=C:\Program Files\dotnet\sdk\7.0.402\Sdks\Microsoft.NET.Sdk\targets\Microsoft.NET.TargetFrameworkInference.targets(64,5)의 "0.0"(이전 값: "0.0.0.0")
       속성 재할당: $(TargetPlatformVersion)=C:\Program Files\dotnet\sdk\7.0.402\Sdks\Microsoft.NET.Sdk\targets\Microsoft.NET.TargetFrameworkInference.targets(65,5)의 ""(이전 값: "0.0")
       속성 재할당: $(TargetPlatformIdentifier)=C:\Program Files\dotnet\sdk\7.0.402\Sdks\Microsoft.NET.Sdk\targets\Microsoft.NET.TargetFrameworkInference.targets(67,5)의 "Windows"(이전 값: "windows")
       속성 재할당: $(DefaultItemExcludes)=C:\Program Files\dotnet\sdk\7.0.402\Sdks\Microsoft.NET.Sdk\targets\Microsoft.NET.TargetFrameworkInference.targets(247,5)의 ";bin\Debug\/**;obj\Debug\/**"(이전 값: ";bin\Debug\/**")
       속성 재할당: $(IntermediateOutputPath)=C:\Program Files\dotnet\sdk\7.0.402\Sdks\Microsoft.NET.Sdk\targets\Microsoft.NET.TargetFrameworkInference.targets(266,5)의 "obj\Debug\net7.0-windows\"(이전 값: "obj\Debug\")
       속성 재할당: $(OutputPath)=C:\Program Files\dotnet\sdk\7.0.402\Sdks\Microsoft.NET.Sdk\targets\Microsoft.NET.TargetFrameworkInference.targets(267,5)의 "bin\Debug\net7.0-windows\"(이전 값: "bin\Debug\")
       SDK 'Microsoft.NET.SDK.WorkloadManifestTargetsLocator'을(를) 확인하는 중...
       속성 재할당: $(_FrameworkIdentifierForImplicitDefine)=C:\Program Files\dotnet\sdk\7.0.402\Sdks\Microsoft.NET.Sdk\targets\Microsoft.NET.Sdk.BeforeCommon.targets(180,5)의 "NET"(이전 값: "NETCOREAPP")
       속성 재할당: $(_FrameworkVersionForImplicitDefine)=C:\Program Files\dotnet\sdk\7.0.402\Sdks\Microsoft.NET.Sdk\targets\Microsoft.NET.Sdk.BeforeCommon.targets(185,5)의 "7_0"(이전 값: "7.0")
       속성 재할당: $(CommandLineArgsForDesignTimeEvaluation)=C:\Program Files\dotnet\sdk\7.0.402\Roslyn\Microsoft.CSharp.Core.targets(192,5)의 "-langversion:11.0 -define:TRACE"(이전 값: "-langversion:11.0")
       Evaluation 동안 로드된 어셈블리: Microsoft.Build.Utilities.Core, Version=15.1.0.0, Culture=neutral, PublicKeyToken=b03f5f7f11d50a3a(위치: C:\Program Files\dotnet\sdk\7.0.402\Microsoft.Build.Utilities.Core.dll%1, MVID: d0474d8e-c397-4567-95e4-83848e80fdd0%2, AppDomain: [Default]%2).
       속성 재할당: $(_DebugSymbolsProduced)=C:\Program Files\dotnet\sdk\7.0.402\Microsoft.Common.CurrentVersion.targets(175,5)의 "true"(이전 값: "false")
       속성 재할당: $(_DocumentationFileProduced)=C:\Program Files\dotnet\sdk\7.0.402\Microsoft.Common.CurrentVersion.targets(185,5)의 "false"(이전 값: "true")
       속성 재할당: $(ProcessorArchitecture)=C:\Program Files\dotnet\sdk\7.0.402\Microsoft.Common.CurrentVersion.targets(529,5)의 "msil"(이전 값: "")
       속성 재할당: $(DelaySign)=C:\Program Files\dotnet\sdk\7.0.402\Microsoft.Common.CurrentVersion.targets(568,5)의 ""(이전 값: "false")
       환경에서 값이 'LOCALAPPDATA'인 속성 'C:\Users\LIMSOWAN\AppData\Local'이(가) 확장되었습니다.
       속성 재할당: $(_SGenGenerateSerializationAssembliesConfig)=C:\Program Files\dotnet\sdk\7.0.402\Microsoft.Common.CurrentVersion.targets(3806,5)의 "Auto"(이전 값: "")
       속성 재할당: $(_SGenGenerateSerializationAssembliesConfig)=C:\Program Files\dotnet\sdk\7.0.402\Microsoft.Common.CurrentVersion.targets(3807,5)의 "Off"(이전 값: "Auto")
       속성 재할당: $(_TargetsThatPrepareProjectReferences)=C:\Program Files\dotnet\sdk\7.0.402\Microsoft.Common.CurrentVersion.targets(4944,5)의 "
             AssignProjectConfiguration;
             _SplitProjectReferencesByFileExistence
           "(이전 값: "_SplitProjectReferencesByFileExistence")
       환경에서 값이 'MSBuildExtensionsPath32'인 속성 'C:\Program Files\dotnet\sdk\7.0.402'이(가) 확장되었습니다.
       속성 재할당: $(ProjectAssetsCacheFile)=C:\Program Files\dotnet\sdk\7.0.402\Sdks\Microsoft.NET.Sdk\targets\Microsoft.PackageDependencyResolution.targets(29,5)의 "E:\Unity\LH Editor_Refactoring\tools\FurnitureAuthoringTool\src\FurnitureAuthoring.Tool\obj\Debug\net7.0-windows\FurnitureAuthoring.Tool.assets.cache"(이전 값: "obj\Debug\net7.0-windows\FurnitureAuthoring.Tool.assets.cache")
       속성 재할당: $(ResolveAssemblyReferencesDependsOn)=C:\Program Files\dotnet\sdk\7.0.402\Sdks\Microsoft.NET.Sdk\targets\Microsoft.PackageDependencyResolution.targets(80,5)의 "
             
             ResolveProjectReferences;
             FindInvalidProjectReferences;
             GetFrameworkPaths;
             GetReferenceAssemblyPaths;
             PrepareForBuild;
             ResolveSDKReferences;
             ExpandSDKReferences;
           ;
             ResolvePackageDependenciesForBuild;
             _HandlePackageFileConflicts;
           "(이전 값: "
             ResolveProjectReferences;
             FindInvalidProjectReferences;
             GetFrameworkPaths;
             GetReferenceAssemblyPaths;
             PrepareForBuild;
             ResolveSDKReferences;
             ExpandSDKReferences;
           ")
       속성 재할당: $(PrepareResourcesDependsOn)=C:\Program Files\dotnet\sdk\7.0.402\Sdks\Microsoft.NET.Sdk\targets\Microsoft.PackageDependencyResolution.targets(86,5)의 "
             ResolvePackageDependenciesForBuild;
             _HandlePackageFileConflicts;
             
             ;
             PrepareResourceNames;
             ResGen;
             CompileLicxFiles
           
           "(이전 값: "
             ;
             PrepareResourceNames;
             ResGen;
             CompileLicxFiles
           ")
       속성 재할당: $(DefaultItemExcludes)=C:\Program Files\dotnet\sdk\7.0.402\Sdks\Microsoft.NET.Sdk\targets\Microsoft.NET.Sdk.DefaultItems.targets(27,5)의 ";bin\Debug\/**;obj\Debug\/**;bin\/**"(이전 값: ";bin\Debug\/**;obj\Debug\/**")
       속성 재할당: $(DefaultItemExcludes)=C:\Program Files\dotnet\sdk\7.0.402\Sdks\Microsoft.NET.Sdk\targets\Microsoft.NET.Sdk.DefaultItems.targets(29,5)의 ";bin\Debug\/**;obj\Debug\/**;bin\/**;obj\/**"(이전 값: ";bin\Debug\/**;obj\Debug\/**;bin\/**")
       속성 재할당: $(DefaultItemExcludes)=C:\Program Files\dotnet\sdk\7.0.402\Sdks\Microsoft.NET.Sdk\targets\Microsoft.NET.Sdk.DefaultItems.targets(32,5)의 ";bin\Debug\/**;obj\Debug\/**;bin\/**;obj\/**;**/*.user"(이전 값: ";bin\Debug\/**;obj\Debug\/**;bin\/**;obj\/**")
       속성 재할당: $(DefaultItemExcludes)=C:\Program Files\dotnet\sdk\7.0.402\Sdks\Microsoft.NET.Sdk\targets\Microsoft.NET.Sdk.DefaultItems.targets(33,5)의 ";bin\Debug\/**;obj\Debug\/**;bin\/**;obj\/**;**/*.user;**/*.*proj"(이전 값: ";bin\Debug\/**;obj\Debug\/**;bin\/**;obj\/**;**/*.user")
       속성 재할당: $(DefaultItemExcludes)=C:\Program Files\dotnet\sdk\7.0.402\Sdks\Microsoft.NET.Sdk\targets\Microsoft.NET.Sdk.DefaultItems.targets(34,5)의 ";bin\Debug\/**;obj\Debug\/**;bin\/**;obj\/**;**/*.user;**/*.*proj;**/*.sln"(이전 값: ";bin\Debug\/**;obj\Debug\/**;bin\/**;obj\/**;**/*.user;**/*.*proj")
       속성 재할당: $(DefaultItemExcludes)=C:\Program Files\dotnet\sdk\7.0.402\Sdks\Microsoft.NET.Sdk\targets\Microsoft.NET.Sdk.DefaultItems.targets(35,5)의 ";bin\Debug\/**;obj\Debug\/**;bin\/**;obj\/**;**/*.user;**/*.*proj;**/*.sln;**/*.vssscc"(이전 값: ";bin\Debug\/**;obj\Debug\/**;bin\/**;obj\/**;**/*.user;**/*.*proj;**/*.sln")
       속성 재할당: $(ResolveAssemblyReferencesDependsOn)=C:\Program Files\dotnet\sdk\7.0.402\Sdks\Microsoft.NET.Sdk\targets\Microsoft.NET.Sdk.FrameworkReferenceResolution.targets(14,5)의 "
             
             
             ResolveProjectReferences;
             FindInvalidProjectReferences;
             GetFrameworkPaths;
             GetReferenceAssemblyPaths;
             PrepareForBuild;
             ResolveSDKReferences;
             ExpandSDKReferences;
           ;
             ResolvePackageDependenciesForBuild;
             _HandlePackageFileConflicts;
           ;
             ResolveTargetingPackAssets;
           "(이전 값: "
             
             ResolveProjectReferences;
             FindInvalidProjectReferences;
             GetFrameworkPaths;
             GetReferenceAssemblyPaths;
             PrepareForBuild;
             ResolveSDKReferences;
             ExpandSDKReferences;
           ;
             ResolvePackageDependenciesForBuild;
             _HandlePackageFileConflicts;
           ")
       속성 재할당: $(_GenerateRuntimeConfigurationPropertyInputsCache)=C:\Program Files\dotnet\sdk\7.0.402\Sdks\Microsoft.NET.Sdk\targets\Microsoft.NET.Sdk.targets(44,5)의 "E:\Unity\LH Editor_Refactoring\tools\FurnitureAuthoringTool\src\FurnitureAuthoring.Tool\obj\Debug\net7.0-windows\FurnitureAuthoring.Tool.genruntimeconfig.cache"(이전 값: "obj\Debug\net7.0-windows\FurnitureAuthoring.Tool.genruntimeconfig.cache")
       속성 재할당: $(GenerateRuntimeConfigDevFile)=C:\Program Files\dotnet\sdk\7.0.402\Sdks\Microsoft.NET.Sdk\targets\Microsoft.NET.Sdk.targets(61,5)의 "false"(이전 값: "true")
       속성 재할당: $(_DefaultUserProfileRuntimeStorePath)=C:\Program Files\dotnet\sdk\7.0.402\Sdks\Microsoft.NET.Sdk\targets\Microsoft.NET.Sdk.targets(77,5)의 "C:\Users\LIMSOWAN"(이전 값: "")
       속성 재할당: $(_DefaultUserProfileRuntimeStorePath)=C:\Program Files\dotnet\sdk\7.0.402\Sdks\Microsoft.NET.Sdk\targets\Microsoft.NET.Sdk.targets(78,5)의 "C:\Users\LIMSOWAN\.dotnet\store"(이전 값: "C:\Users\LIMSOWAN")
       속성 재할당: $(AvailablePlatforms)=C:\Program Files\dotnet\sdk\7.0.402\Sdks\Microsoft.NET.Sdk\targets\Microsoft.NET.Sdk.targets(112,5)의 "Any CPU,x86,x64,ARM32"(이전 값: "Any CPU,x86,x64")
       속성 재할당: $(AvailablePlatforms)=C:\Program Files\dotnet\sdk\7.0.402\Sdks\Microsoft.NET.Sdk\targets\Microsoft.NET.Sdk.targets(116,5)의 "Any CPU,x86,x64,ARM32,ARM64"(이전 값: "Any CPU,x86,x64,ARM32")
       속성 재할당: $(CoreBuildDependsOn)=C:\Program Files\dotnet\sdk\7.0.402\Sdks\Microsoft.NET.Sdk\targets\Microsoft.NET.Sdk.targets(134,5)의 "
             _CheckForBuildWithNoBuild;
             
             BuildOnlySettings;
             PrepareForBuild;
             PreBuildEvent;
             ResolveReferences;
             PrepareResources;
             ResolveKeySource;
             Compile;
             ExportWindowsMDFile;
             UnmanagedUnregistration;
             GenerateSerializationAssemblies;
             CreateSatelliteAssemblies;
             GenerateManifests;
             GetTargetPath;
             PrepareForRun;
             UnmanagedRegistration;
             IncrementalClean;
             PostBuildEvent
           ;
             GenerateBuildDependencyFile;
             GenerateBuildRuntimeConfigurationFiles
           "(이전 값: "
             BuildOnlySettings;
             PrepareForBuild;
             PreBuildEvent;
             ResolveReferences;
             PrepareResources;
             ResolveKeySource;
             Compile;
             ExportWindowsMDFile;
             UnmanagedUnregistration;
             GenerateSerializationAssemblies;
             CreateSatelliteAssemblies;
             GenerateManifests;
             GetTargetPath;
             PrepareForRun;
             UnmanagedRegistration;
             IncrementalClean;
             PostBuildEvent
           ")
       속성 재할당: $(CoreCleanDependsOn)=C:\Program Files\dotnet\sdk\7.0.402\Sdks\Microsoft.NET.Sdk\targets\Microsoft.NET.Sdk.targets(143,5)의 "
             _SdkBeforeClean;
             
           "(이전 값: "")
       속성 재할당: $(RebuildDependsOn)=C:\Program Files\dotnet\sdk\7.0.402\Sdks\Microsoft.NET.Sdk\targets\Microsoft.NET.Sdk.targets(150,5)의 "
             _SdkBeforeRebuild;
             
             BeforeRebuild;
             Clean;
             Build;
             AfterRebuild;
           
           "(이전 값: "
             BeforeRebuild;
             Clean;
             Build;
             AfterRebuild;
           ")
       속성 재할당: $(CompileDependsOn)=C:\Program Files\dotnet\sdk\7.0.402\Sdks\Microsoft.NET.Sdk\targets\Microsoft.NET.Sdk.targets(564,5)의 "
             
             ResolveReferences;
             ResolveKeySource;
             SetWin32ManifestProperties;
             FindReferenceAssembliesForReferences;
             _GenerateCompileInputs;
             BeforeCompile;
             _TimeStampBeforeCompile;
             _GenerateCompileDependencyCache;
             CoreCompile;
             _TimeStampAfterCompile;
             AfterCompile;
           ;
             _CreateAppHost;
             _CreateComHost;
             _GetIjwHostPaths;
           "(이전 값: "
             ResolveReferences;
             ResolveKeySource;
             SetWin32ManifestProperties;
             FindReferenceAssembliesForReferences;
             _GenerateCompileInputs;
             BeforeCompile;
             _TimeStampBeforeCompile;
             _GenerateCompileDependencyCache;
             CoreCompile;
             _TimeStampAfterCompile;
             AfterCompile;
           ")
       속성 재할당: $(CreateSatelliteAssembliesDependsOn)=C:\Program Files\dotnet\sdk\7.0.402\Sdks\Microsoft.NET.Sdk\targets\Microsoft.NET.Sdk.targets(950,5)의 "
             
             _GenerateSatelliteAssemblyInputs;
             ComputeIntermediateSatelliteAssemblies;
             GenerateSatelliteAssemblies
           ;
             CoreGenerateSatelliteAssemblies
           "(이전 값: "
             _GenerateSatelliteAssemblyInputs;
             ComputeIntermediateSatelliteAssemblies;
             GenerateSatelliteAssemblies
           ")
       속성 재할당: $(DesignerRuntimeImplementationProjectOutputGroupDependsOn)=C:\Program Files\dotnet\sdk\7.0.402\Sdks\Microsoft.NET.Sdk\targets\Microsoft.NET.DesignerSupport.targets(21,5)의 "
             
             ;
             
             ;
             BuildOnlySettings;
             PrepareForBuild;
             AssignTargetPaths;
             ResolveReferences
           
           ;
             _GenerateDesignerDepsFile;
             _GenerateDesignerRuntimeConfigFile;
             GetCopyToOutputDirectoryItems;
             _GatherDesignerShadowCopyFiles;
           "(이전 값: "
             ;
             
             ;
             BuildOnlySettings;
             PrepareForBuild;
             AssignTargetPaths;
             ResolveReferences
           
           ")
       속성 재할당: $(_ShimInputCacheFile)=C:\Program Files\dotnet\sdk\7.0.402\Sdks\Microsoft.NET.Sdk\targets\Microsoft.NET.PackTool.targets(115,5)의 "E:\Unity\LH Editor_Refactoring\tools\FurnitureAuthoringTool\src\FurnitureAuthoring.Tool\obj\Debug\net7.0-windows\FurnitureAuthoring.Tool.shiminput.cache"(이전 값: "obj\Debug\net7.0-windows\FurnitureAuthoring.Tool.shiminput.cache")
       속성 재할당: $(_ShimCreatedSentinelFile)=C:\Program Files\dotnet\sdk\7.0.402\Sdks\Microsoft.NET.Sdk\targets\Microsoft.NET.PackTool.targets(117,5)의 "E:\Unity\LH Editor_Refactoring\tools\FurnitureAuthoringTool\src\FurnitureAuthoring.Tool\obj\Debug\net7.0-windows\FurnitureAuthoring.Tool.shimcreated.sentinel"(이전 값: "obj\Debug\net7.0-windows\FurnitureAuthoring.Tool.shimcreated.sentinel")
       속성 재할당: $(DefineConstants)=C:\Program Files\dotnet\sdk\7.0.402\Sdks\Microsoft.NET.Sdk\targets\Microsoft.NET.Sdk.CSharp.targets(31,5)의 "TRACE;DEBUG"(이전 값: "TRACE")
       속성 재할당: $(DefineConstants)=C:\Program Files\dotnet\sdk\7.0.402\Sdks\Microsoft.NET.Sdk\targets\Microsoft.NET.Sdk.CSharp.targets(34,5)의 "TRACE;DEBUG;NET;NET7_0;NETCOREAPP"(이전 값: "TRACE;DEBUG")
       속성 재할당: $(WarningsAsErrors)=C:\Program Files\dotnet\sdk\7.0.402\Sdks\Microsoft.NET.Sdk\targets\Microsoft.NET.Sdk.CSharp.targets(48,5)의 ";NU1605;SYSLIB0011"(이전 값: ";NU1605")
       속성 재할당: $(TargetPlatformVersion)=C:\Program Files\dotnet\sdk\7.0.402\Sdks\Microsoft.NET.Sdk\targets\Microsoft.NET.Windows.targets(34,5)의 "7.0"(이전 값: "")
       속성 재할당: $(SupportedOSPlatformVersion)=C:\Program Files\dotnet\sdk\7.0.402\Sdks\Microsoft.NET.Sdk\targets\Microsoft.NET.Windows.targets(44,5)의 "7.0"(이전 값: "")
       속성 재할당: $(TargetPlatformMinVersion)=C:\Program Files\dotnet\sdk\7.0.402\Sdks\Microsoft.NET.Sdk\targets\Microsoft.NET.Windows.targets(45,5)의 "7.0"(이전 값: "")
       속성 재할당: $(TargetPlatformDisplayName)=C:\Program Files\dotnet\sdk\7.0.402\Sdks\Microsoft.NET.Sdk\targets\Microsoft.NET.Sdk.targets(1232,5)의 "Windows 7.0"(이전 값: "Windows ")
       속성 재할당: $(_TargetFrameworkVersionValue)=C:\Program Files\dotnet\sdk\7.0.402\Sdks\Microsoft.NET.Sdk.WindowsDesktop\targets\Microsoft.NET.Sdk.WindowsDesktop.targets(51,5)의 "7.0"(이전 값: "0.0")
       속성 재할당: $(PrepareResourceNamesDependsOn)=C:\Program Files\dotnet\sdk\7.0.402\Sdks\Microsoft.NET.Sdk.WindowsDesktop\targets\Microsoft.WinFX.targets(61,7)의 "
                           AssignWinFXEmbeddedResource;
                           
             AssignTargetPaths;
             SplitResourcesByCulture;
             CreateManifestResourceNames;
             CreateCustomManifestResourceNames
           
             "(이전 값: "
             AssignTargetPaths;
             SplitResourcesByCulture;
             CreateManifestResourceNames;
             CreateCustomManifestResourceNames
           ")
       속성 재할당: $(PrepareResourcesDependsOn)=C:\Program Files\dotnet\sdk\7.0.402\Sdks\Microsoft.NET.Sdk.WindowsDesktop\targets\Microsoft.WinFX.targets(69,7)의 "
                       MarkupCompilePass1;
                       AfterMarkupCompilePass1;
                       MarkupCompilePass2ForMainAssembly;
                       FileClassification;
                       MainResourcesGeneration;
                       
             ResolvePackageDependenciesForBuild;
             _HandlePackageFileConflicts;
             
             ;
             PrepareResourceNames;
             ResGen;
             CompileLicxFiles
           
           
             "(이전 값: "
             ResolvePackageDependenciesForBuild;
             _HandlePackageFileConflicts;
             
             ;
             PrepareResourceNames;
             ResGen;
             CompileLicxFiles
           
           ")
       속성 재할당: $(CompileDependsOn)=C:\Program Files\dotnet\sdk\7.0.402\Sdks\Microsoft.NET.Sdk.WindowsDesktop\targets\Microsoft.WinFX.targets(136,5)의 "
               
             
             ResolveReferences;
             ResolveKeySource;
             SetWin32ManifestProperties;
             FindReferenceAssembliesForReferences;
             _GenerateCompileInputs;
             BeforeCompile;
             _TimeStampBeforeCompile;
             _GenerateCompileDependencyCache;
             CoreCompile;
             _TimeStampAfterCompile;
             AfterCompile;
           ;
             _CreateAppHost;
             _CreateComHost;
             _GetIjwHostPaths;
           ;
               _AfterCompileWinFXInternal
           "(이전 값: "
             
             ResolveReferences;
             ResolveKeySource;
             SetWin32ManifestProperties;
             FindReferenceAssembliesForReferences;
             _GenerateCompileInputs;
             BeforeCompile;
             _TimeStampBeforeCompile;
             _GenerateCompileDependencyCache;
             CoreCompile;
             _TimeStampAfterCompile;
             AfterCompile;
           ;
             _CreateAppHost;
             _CreateComHost;
             _GetIjwHostPaths;
           ")
       속성 재할당: $(PublishBuildDependsOn)=C:\Program Files\dotnet\sdk\7.0.402\Sdks\Microsoft.NET.Sdk.WindowsDesktop\targets\Microsoft.WinFX.targets(801,9)의 "
                   BuildOnlySettings;
                   PrepareForBuild;
                   ResolveReferences;
                   PrepareResources;
                   ResolveKeySource;
                   PrepareResourcesForSatelliteAssemblies;
                   GenerateSerializationAssemblies;
                   CreateSatelliteAssemblies;
               "(이전 값: "
             BuildOnlySettings;
             PrepareForBuild;
             ResolveReferences;
             PrepareResources;
             ResolveKeySource;
             GenerateSerializationAssemblies;
             CreateSatelliteAssemblies;
           ")
       속성 재할당: $(PackageDescription)=C:\Program Files\dotnet\sdk\7.0.402\Sdks\NuGet.Build.Tasks.Pack\build\NuGet.Build.Tasks.Pack.targets(34,5)의 "Package Description"(이전 값: "")
       속성 재할당: $(GenerateNuspecDependsOn)=C:\Program Files\dotnet\sdk\7.0.402\Sdks\NuGet.Build.Tasks.Pack\build\NuGet.Build.Tasks.Pack.targets(59,5)의 "Build;_LoadPackInputItems; _GetTargetFrameworksOutput; _WalkEachTargetPerFramework; _GetPackageFiles; "(이전 값: "_LoadPackInputItems; _GetTargetFrameworksOutput; _WalkEachTargetPerFramework; _GetPackageFiles; ")
       Evaluation 동안 로드된 어셈블리: System.Reflection.Emit.Lightweight, Version=7.0.0.0, Culture=neutral, PublicKeyToken=b03f5f7f11d50a3a(위치: C:\Program Files\dotnet\shared\Microsoft.NETCore.App\7.0.12\System.Reflection.Emit.Lightweight.dll%1, MVID: 22f2c2b9-5ca2-4449-9737-9cc90a54f07f%2, AppDomain: [Default]%2).
       Evaluation 동안 로드된 어셈블리: System.Reflection.Emit.ILGeneration, Version=7.0.0.0, Culture=neutral, PublicKeyToken=b03f5f7f11d50a3a(위치: C:\Program Files\dotnet\shared\Microsoft.NETCore.App\7.0.12\System.Reflection.Emit.ILGeneration.dll%1, MVID: 8fade0b3-da03-4cb9-872a-fb65f23f7833%2, AppDomain: [Default]%2).
       Evaluation 동안 로드된 어셈블리: System.Reflection.Primitives, Version=7.0.0.0, Culture=neutral, PublicKeyToken=b03f5f7f11d50a3a(위치: C:\Program Files\dotnet\shared\Microsoft.NETCore.App\7.0.12\System.Reflection.Primitives.dll%1, MVID: 2877a7ab-befc-40ed-b6c0-5f28c6d4fcda%2, AppDomain: [Default]%2).
       "C:\Program Files\dotnet\sdk-manifests\7.0.100\microsoft.net.workload.mono.toolchain.net6\WorkloadManifest.targets" 프로젝트의 "_CheckBrowserWorkloadNeededButNotAvailable" 대상을 "C:\Program Files\dotnet\sdk-manifests\7.0.100\microsoft.net.workload.mono.toolchain.net7\WorkloadManifest.targets" 프로젝트의 "_CheckBrowserWorkloadNeededButNotAvailable" 대상으로 재정의하고 있습니다.
       "C:\Program Files\dotnet\sdk-manifests\7.0.100\microsoft.net.workload.mono.toolchain.net6\WorkloadManifest.targets" 프로젝트의 "_ErrorDisabledWorkload" 대상을 "C:\Program Files\dotnet\sdk-manifests\7.0.100\microsoft.net.workload.mono.toolchain.net7\WorkloadManifest.targets" 프로젝트의 "_ErrorDisabledWorkload" 대상으로 재정의하고 있습니다.
       "C:\Program Files\dotnet\sdk\7.0.402\Microsoft.Common.CurrentVersion.targets" 프로젝트의 "ResolveFrameworkReferences" 대상을 "C:\Program Files\dotnet\sdk\7.0.402\Sdks\Microsoft.NET.Sdk\targets\Microsoft.NET.Sdk.FrameworkReferenceResolution.targets" 프로젝트의 "ResolveFrameworkReferences" 대상으로 재정의하고 있습니다.
       "C:\Program Files\dotnet\sdk\7.0.402\Microsoft.Common.CurrentVersion.targets" 프로젝트의 "Run" 대상을 "C:\Program Files\dotnet\sdk\7.0.402\Sdks\Microsoft.NET.Sdk\targets\Microsoft.NET.Sdk.targets" 프로젝트의 "Run" 대상으로 재정의하고 있습니다.
       "C:\Program Files\dotnet\sdk\7.0.402\Microsoft.Common.CurrentVersion.targets" 프로젝트의 "GenerateSupportedTargetFrameworkAlias" 대상을 "C:\Program Files\dotnet\sdk\7.0.402\Sdks\Microsoft.NET.Sdk\targets\Microsoft.NET.Sdk.targets" 프로젝트의 "GenerateSupportedTargetFrameworkAlias" 대상으로 재정의하고 있습니다.
       "C:\Program Files\dotnet\sdk\7.0.402\Microsoft.Common.CurrentVersion.targets" 프로젝트의 "GetReferenceAssemblyPaths" 대상을 "C:\Program Files\dotnet\sdk\7.0.402\Sdks\Microsoft.NET.Sdk\targets\Microsoft.NET.DisableStandardFrameworkResolution.targets" 프로젝트의 "GetReferenceAssemblyPaths" 대상으로 재정의하고 있습니다.
       "C:\Program Files\dotnet\sdk\7.0.402\Microsoft.Common.CurrentVersion.targets" 프로젝트의 "GetFrameworkPaths" 대상을 "C:\Program Files\dotnet\sdk\7.0.402\Sdks\Microsoft.NET.Sdk\targets\Microsoft.NET.DisableStandardFrameworkResolution.targets" 프로젝트의 "GetFrameworkPaths" 대상으로 재정의하고 있습니다.
       "C:\Program Files\dotnet\sdk\7.0.402\Microsoft.Common.CurrentVersion.targets" 프로젝트의 "DesignerRuntimeImplementationProjectOutputGroup" 대상을 "C:\Program Files\dotnet\sdk\7.0.402\Sdks\Microsoft.NET.Sdk\targets\Microsoft.NET.DesignerSupport.targets" 프로젝트의 "DesignerRuntimeImplementationProjectOutputGroup" 대상으로 재정의하고 있습니다.
       "C:\Program Files\dotnet\sdk\7.0.402\Microsoft.Common.CurrentVersion.targets" 프로젝트의 "Publish" 대상을 "C:\Program Files\dotnet\sdk\7.0.402\Sdks\Microsoft.NET.Sdk\targets\Microsoft.NET.Publish.targets" 프로젝트의 "Publish" 대상으로 재정의하고 있습니다.
       "C:\Program Files\dotnet\sdk\7.0.402\Sdks\Microsoft.NET.Sdk\targets\Microsoft.NET.CrossGen.targets" 프로젝트의 "ResolveReadyToRunCompilers" 대상을 "C:\Program Files\dotnet\sdk\7.0.402\Sdks\Microsoft.NET.Sdk\targets\Microsoft.NET.Publish.targets" 프로젝트의 "ResolveReadyToRunCompilers" 대상으로 재정의하고 있습니다.
       "C:\Program Files\dotnet\sdk\7.0.402\Microsoft.Common.CurrentVersion.targets" 프로젝트의 "GetCopyToPublishDirectoryItems" 대상을 "C:\Program Files\dotnet\sdk\7.0.402\Sdks\Microsoft.NET.Sdk\targets\Microsoft.NET.Publish.targets" 프로젝트의 "GetCopyToPublishDirectoryItems" 대상으로 재정의하고 있습니다.
       "C:\Program Files\dotnet\sdk\7.0.402\Microsoft.Common.CurrentVersion.targets" 프로젝트의 "SatelliteDllsProjectOutputGroup" 대상을 "C:\Program Files\dotnet\sdk\7.0.402\Sdks\Microsoft.NET.Sdk.WindowsDesktop\targets\Microsoft.WinFX.targets" 프로젝트의 "SatelliteDllsProjectOutputGroup" 대상으로 재정의하고 있습니다.
     1>1 노드의 "E:\Unity\LH Editor_Refactoring\tools\FurnitureAuthoringTool\src\FurnitureAuthoring.Tool\FurnitureAuthoring.Tool.csproj" 프로젝트(Restore 대상)입니다.
     1>"E:\Unity\LH Editor_Refactoring\tools\FurnitureAuthoringTool\src\FurnitureAuthoring.Tool\FurnitureAuthoring.Tool.csproj" 프로젝트의 "C:\Program Files\dotnet\sdk\7.0.402\NuGet.targets" 파일에 있는 "_LoadRestoreGraphEntryPoints" 대상("_FilterRestoreGraphProjectInputItems" 대상이 종속됨):
     1>추가된 항목: RestoreGraphProjectInputItems=E:\Unity\LH Editor_Refactoring\tools\FurnitureAuthoringTool\src\FurnitureAuthoring.Tool\FurnitureAuthoring.Tool.csproj
       조건이 잘못되어 "GetRestoreSolutionProjectsTask" 작업을 건너뜁니다. ( $(MSBuildProjectFullPath.EndsWith('.metaproj')) == 'true' AND @(RestoreGraphProjectInputItems) == '' )이(가) ( False == 'true' AND E:\Unity\LH Editor_Refactoring\tools\FurnitureAuthoringTool\src\FurnitureAuthoring.Tool\FurnitureAuthoring.Tool.csproj == '' )(으)로 확인되었습니다.
     1>"FurnitureAuthoring.Tool.csproj" 프로젝트에 "_LoadRestoreGraphEntryPoints" 대상을 빌드했습니다.
     1>"E:\Unity\LH Editor_Refactoring\tools\FurnitureAuthoringTool\src\FurnitureAuthoring.Tool\FurnitureAuthoring.Tool.csproj" 프로젝트의 "C:\Program Files\dotnet\sdk\7.0.402\NuGet.targets" 파일에 있는 "_FilterRestoreGraphProjectInputItems" 대상("_GenerateRestoreGraph" 대상이 종속됨):
       설정 속성: RestoreProjectFilterMode=exclusionlist
       추가된 항목: _FilteredRestoreGraphProjectInputItemsTmp=E:\Unity\LH Editor_Refactoring\tools\FurnitureAuthoringTool\src\FurnitureAuthoring.Tool\FurnitureAuthoring.Tool.csproj
       "Microsoft.Build.Tasks.Core, Version=15.1.0.0, Culture=neutral, PublicKeyToken=b03f5f7f11d50a3a" 어셈블리에서 "RemoveDuplicates" 작업을 사용합니다.
       "RemoveDuplicates" 작업
         출력 항목: FilteredRestoreGraphProjectInputItemsWithoutDuplicates=E:\Unity\LH Editor_Refactoring\tools\FurnitureAuthoringTool\src\FurnitureAuthoring.Tool\FurnitureAuthoring.Tool.csproj
       "RemoveDuplicates" 작업을 실행했습니다.
       "Microsoft.Build.Tasks.Core, Version=15.1.0.0, Culture=neutral, PublicKeyToken=b03f5f7f11d50a3a" 어셈블리에서 "MSBuild" 작업을 사용합니다.
       "MSBuild" 작업
         작업 매개 변수:Projects=E:\Unity\LH Editor_Refactoring\tools\FurnitureAuthoringTool\src\FurnitureAuthoring.Tool\FurnitureAuthoring.Tool.csproj
         작업 매개 변수:Targets=_IsProjectRestoreSupported
         작업 매개 변수:SkipNonexistentTargets=True
         작업 매개 변수:BuildInParallel=True
         작업 매개 변수:Properties=ExcludeRestorePackageImports=true
         전역 속성:
           ExcludeRestorePackageImports=true
     0>환경에서 값이 'MSBuildExtensionsPath'인 속성 'C:\Program Files\dotnet\sdk\7.0.402\'이(가) 확장되었습니다.
       속성 재할당: $(MSBuildProjectExtensionsPath)=C:\Program Files\dotnet\sdk\7.0.402\Current\Microsoft.Common.props(60,5)의 "E:\Unity\LH Editor_Refactoring\tools\FurnitureAuthoringTool\src\FurnitureAuthoring.Tool\obj\"(이전 값: "obj\")
       속성 재할당: $(AssemblySearchPaths)=C:\Program Files\dotnet\sdk\7.0.402\Sdks\Microsoft.NET.Sdk\targets\Microsoft.NET.Sdk.props(82,5)의 "{CandidateAssemblyFiles};{HintPathFromItem}"(이전 값: "{CandidateAssemblyFiles}")
       속성 재할당: $(AssemblySearchPaths)=C:\Program Files\dotnet\sdk\7.0.402\Sdks\Microsoft.NET.Sdk\targets\Microsoft.NET.Sdk.props(83,5)의 "{CandidateAssemblyFiles};{HintPathFromItem};{TargetFrameworkDirectory}"(이전 값: "{CandidateAssemblyFiles};{HintPathFromItem}")
       속성 재할당: $(AssemblySearchPaths)=C:\Program Files\dotnet\sdk\7.0.402\Sdks\Microsoft.NET.Sdk\targets\Microsoft.NET.Sdk.props(84,5)의 "{CandidateAssemblyFiles};{HintPathFromItem};{TargetFrameworkDirectory};{RawFileName}"(이전 값: "{CandidateAssemblyFiles};{HintPathFromItem};{TargetFrameworkDirectory}")
       속성 재할당: $(PublishAotSupported)=C:\Program Files\dotnet\sdk\7.0.402\Sdks\Microsoft.NET.Sdk\targets\Microsoft.NET.Sdk.props(120,5)의 "true"(이전 값: "false")
       속성 재할당: $(TargetsForTfmSpecificContentInPackage)=C:\Program Files\dotnet\sdk\7.0.402\Sdks\Microsoft.NET.Sdk\targets\Microsoft.NET.PackProjectTool.props(15,5)의 ";PackTool;_PackProjectToolValidation"(이전 값: ";PackTool")
       속성 재할당: $(OutputType)=E:\Unity\LH Editor_Refactoring\tools\FurnitureAuthoringTool\src\FurnitureAuthoring.Tool\FurnitureAuthoring.Tool.csproj(9,5)의 "WinExe"(이전 값: "Library")
       속성 재할당: $(PublishProfileImported)=C:\Program Files\dotnet\sdk\7.0.402\Sdks\Microsoft.NET.Sdk\targets\Microsoft.NET.Sdk.ImportPublishProfile.targets(28,5)의 "false"(이전 값: "true")
       속성 재할당: $(TargetPlatformVersion)=C:\Program Files\dotnet\sdk\7.0.402\Sdks\Microsoft.NET.Sdk\targets\Microsoft.NET.TargetFrameworkInference.targets(64,5)의 "0.0"(이전 값: "0.0.0.0")
       속성 재할당: $(TargetPlatformVersion)=C:\Program Files\dotnet\sdk\7.0.402\Sdks\Microsoft.NET.Sdk\targets\Microsoft.NET.TargetFrameworkInference.targets(65,5)의 ""(이전 값: "0.0")
       속성 재할당: $(TargetPlatformIdentifier)=C:\Program Files\dotnet\sdk\7.0.402\Sdks\Microsoft.NET.Sdk\targets\Microsoft.NET.TargetFrameworkInference.targets(67,5)의 "Windows"(이전 값: "windows")
       속성 재할당: $(DefaultItemExcludes)=C:\Program Files\dotnet\sdk\7.0.402\Sdks\Microsoft.NET.Sdk\targets\Microsoft.NET.TargetFrameworkInference.targets(247,5)의 ";bin\Debug\/**;obj\Debug\/**"(이전 값: ";bin\Debug\/**")
       속성 재할당: $(IntermediateOutputPath)=C:\Program Files\dotnet\sdk\7.0.402\Sdks\Microsoft.NET.Sdk\targets\Microsoft.NET.TargetFrameworkInference.targets(266,5)의 "obj\Debug\net7.0-windows\"(이전 값: "obj\Debug\")
       속성 재할당: $(OutputPath)=C:\Program Files\dotnet\sdk\7.0.402\Sdks\Microsoft.NET.Sdk\targets\Microsoft.NET.TargetFrameworkInference.targets(267,5)의 "bin\Debug\net7.0-windows\"(이전 값: "bin\Debug\")
       속성 재할당: $(_FrameworkIdentifierForImplicitDefine)=C:\Program Files\dotnet\sdk\7.0.402\Sdks\Microsoft.NET.Sdk\targets\Microsoft.NET.Sdk.BeforeCommon.targets(180,5)의 "NET"(이전 값: "NETCOREAPP")
       속성 재할당: $(_FrameworkVersionForImplicitDefine)=C:\Program Files\dotnet\sdk\7.0.402\Sdks\Microsoft.NET.Sdk\targets\Microsoft.NET.Sdk.BeforeCommon.targets(185,5)의 "7_0"(이전 값: "7.0")
       속성 재할당: $(CommandLineArgsForDesignTimeEvaluation)=C:\Program Files\dotnet\sdk\7.0.402\Roslyn\Microsoft.CSharp.Core.targets(192,5)의 "-langversion:11.0 -define:TRACE"(이전 값: "-langversion:11.0")
       속성 재할당: $(_DebugSymbolsProduced)=C:\Program Files\dotnet\sdk\7.0.402\Microsoft.Common.CurrentVersion.targets(175,5)의 "true"(이전 값: "false")
       속성 재할당: $(_DocumentationFileProduced)=C:\Program Files\dotnet\sdk\7.0.402\Microsoft.Common.CurrentVersion.targets(185,5)의 "false"(이전 값: "true")
       속성 재할당: $(ProcessorArchitecture)=C:\Program Files\dotnet\sdk\7.0.402\Microsoft.Common.CurrentVersion.targets(529,5)의 "msil"(이전 값: "")
       속성 재할당: $(DelaySign)=C:\Program Files\dotnet\sdk\7.0.402\Microsoft.Common.CurrentVersion.targets(568,5)의 ""(이전 값: "false")
       환경에서 값이 'LOCALAPPDATA'인 속성 'C:\Users\LIMSOWAN\AppData\Local'이(가) 확장되었습니다.
       속성 재할당: $(_SGenGenerateSerializationAssembliesConfig)=C:\Program Files\dotnet\sdk\7.0.402\Microsoft.Common.CurrentVersion.targets(3806,5)의 "Auto"(이전 값: "")
       속성 재할당: $(_SGenGenerateSerializationAssembliesConfig)=C:\Program Files\dotnet\sdk\7.0.402\Microsoft.Common.CurrentVersion.targets(3807,5)의 "Off"(이전 값: "Auto")
       속성 재할당: $(_TargetsThatPrepareProjectReferences)=C:\Program Files\dotnet\sdk\7.0.402\Microsoft.Common.CurrentVersion.targets(4944,5)의 "
             AssignProjectConfiguration;
             _SplitProjectReferencesByFileExistence
           "(이전 값: "_SplitProjectReferencesByFileExistence")
       환경에서 값이 'MSBuildExtensionsPath32'인 속성 'C:\Program Files\dotnet\sdk\7.0.402'이(가) 확장되었습니다.
       속성 재할당: $(ProjectAssetsFile)=C:\Program Files\dotnet\sdk\7.0.402\Sdks\Microsoft.NET.Sdk\targets\Microsoft.PackageDependencyResolution.targets(24,5)의 "E:\Unity\LH Editor_Refactoring\tools\FurnitureAuthoringTool\src\FurnitureAuthoring.Tool\obj\project.assets.json"(이전 값: "E:\Unity\LH Editor_Refactoring\tools\FurnitureAuthoringTool\src\FurnitureAuthoring.Tool\obj\/project.assets.json")
       속성 재할당: $(ProjectAssetsCacheFile)=C:\Program Files\dotnet\sdk\7.0.402\Sdks\Microsoft.NET.Sdk\targets\Microsoft.PackageDependencyResolution.targets(29,5)의 "E:\Unity\LH Editor_Refactoring\tools\FurnitureAuthoringTool\src\FurnitureAuthoring.Tool\obj\Debug\net7.0-windows\FurnitureAuthoring.Tool.assets.cache"(이전 값: "obj\Debug\net7.0-windows\FurnitureAuthoring.Tool.assets.cache")
       속성 재할당: $(ResolveAssemblyReferencesDependsOn)=C:\Program Files\dotnet\sdk\7.0.402\Sdks\Microsoft.NET.Sdk\targets\Microsoft.PackageDependencyResolution.targets(80,5)의 "
             
             ResolveProjectReferences;
             FindInvalidProjectReferences;
             GetFrameworkPaths;
             GetReferenceAssemblyPaths;
             PrepareForBuild;
             ResolveSDKReferences;
             ExpandSDKReferences;
           ;
             ResolvePackageDependenciesForBuild;
             _HandlePackageFileConflicts;
           "(이전 값: "
             ResolveProjectReferences;
             FindInvalidProjectReferences;
             GetFrameworkPaths;
             GetReferenceAssemblyPaths;
             PrepareForBuild;
             ResolveSDKReferences;
             ExpandSDKReferences;
           ")
       속성 재할당: $(PrepareResourcesDependsOn)=C:\Program Files\dotnet\sdk\7.0.402\Sdks\Microsoft.NET.Sdk\targets\Microsoft.PackageDependencyResolution.targets(86,5)의 "
             ResolvePackageDependenciesForBuild;
             _HandlePackageFileConflicts;
             
             ;
             PrepareResourceNames;
             ResGen;
             CompileLicxFiles
           
           "(이전 값: "
             ;
             PrepareResourceNames;
             ResGen;
             CompileLicxFiles
           ")
       속성 재할당: $(DefaultItemExcludes)=C:\Program Files\dotnet\sdk\7.0.402\Sdks\Microsoft.NET.Sdk\targets\Microsoft.NET.Sdk.DefaultItems.targets(27,5)의 ";bin\Debug\/**;obj\Debug\/**;bin\/**"(이전 값: ";bin\Debug\/**;obj\Debug\/**")
       속성 재할당: $(DefaultItemExcludes)=C:\Program Files\dotnet\sdk\7.0.402\Sdks\Microsoft.NET.Sdk\targets\Microsoft.NET.Sdk.DefaultItems.targets(29,5)의 ";bin\Debug\/**;obj\Debug\/**;bin\/**;obj\/**"(이전 값: ";bin\Debug\/**;obj\Debug\/**;bin\/**")
       속성 재할당: $(DefaultItemExcludes)=C:\Program Files\dotnet\sdk\7.0.402\Sdks\Microsoft.NET.Sdk\targets\Microsoft.NET.Sdk.DefaultItems.targets(32,5)의 ";bin\Debug\/**;obj\Debug\/**;bin\/**;obj\/**;**/*.user"(이전 값: ";bin\Debug\/**;obj\Debug\/**;bin\/**;obj\/**")
       속성 재할당: $(DefaultItemExcludes)=C:\Program Files\dotnet\sdk\7.0.402\Sdks\Microsoft.NET.Sdk\targets\Microsoft.NET.Sdk.DefaultItems.targets(33,5)의 ";bin\Debug\/**;obj\Debug\/**;bin\/**;obj\/**;**/*.user;**/*.*proj"(이전 값: ";bin\Debug\/**;obj\Debug\/**;bin\/**;obj\/**;**/*.user")
       속성 재할당: $(DefaultItemExcludes)=C:\Program Files\dotnet\sdk\7.0.402\Sdks\Microsoft.NET.Sdk\targets\Microsoft.NET.Sdk.DefaultItems.targets(34,5)의 ";bin\Debug\/**;obj\Debug\/**;bin\/**;obj\/**;**/*.user;**/*.*proj;**/*.sln"(이전 값: ";bin\Debug\/**;obj\Debug\/**;bin\/**;obj\/**;**/*.user;**/*.*proj")
       속성 재할당: $(DefaultItemExcludes)=C:\Program Files\dotnet\sdk\7.0.402\Sdks\Microsoft.NET.Sdk\targets\Microsoft.NET.Sdk.DefaultItems.targets(35,5)의 ";bin\Debug\/**;obj\Debug\/**;bin\/**;obj\/**;**/*.user;**/*.*proj;**/*.sln;**/*.vssscc"(이전 값: ";bin\Debug\/**;obj\Debug\/**;bin\/**;obj\/**;**/*.user;**/*.*proj;**/*.sln")
       속성 재할당: $(ResolveAssemblyReferencesDependsOn)=C:\Program Files\dotnet\sdk\7.0.402\Sdks\Microsoft.NET.Sdk\targets\Microsoft.NET.Sdk.FrameworkReferenceResolution.targets(14,5)의 "
             
             
             ResolveProjectReferences;
             FindInvalidProjectReferences;
             GetFrameworkPaths;
             GetReferenceAssemblyPaths;
             PrepareForBuild;
             ResolveSDKReferences;
             ExpandSDKReferences;
           ;
             ResolvePackageDependenciesForBuild;
             _HandlePackageFileConflicts;
           ;
             ResolveTargetingPackAssets;
           "(이전 값: "
             
             ResolveProjectReferences;
             FindInvalidProjectReferences;
             GetFrameworkPaths;
             GetReferenceAssemblyPaths;
             PrepareForBuild;
             ResolveSDKReferences;
             ExpandSDKReferences;
           ;
             ResolvePackageDependenciesForBuild;
             _HandlePackageFileConflicts;
           ")
       속성 재할당: $(_GenerateRuntimeConfigurationPropertyInputsCache)=C:\Program Files\dotnet\sdk\7.0.402\Sdks\Microsoft.NET.Sdk\targets\Microsoft.NET.Sdk.targets(44,5)의 "E:\Unity\LH Editor_Refactoring\tools\FurnitureAuthoringTool\src\FurnitureAuthoring.Tool\obj\Debug\net7.0-windows\FurnitureAuthoring.Tool.genruntimeconfig.cache"(이전 값: "obj\Debug\net7.0-windows\FurnitureAuthoring.Tool.genruntimeconfig.cache")
       속성 재할당: $(GenerateRuntimeConfigDevFile)=C:\Program Files\dotnet\sdk\7.0.402\Sdks\Microsoft.NET.Sdk\targets\Microsoft.NET.Sdk.targets(61,5)의 "false"(이전 값: "true")
       환경에서 값이 'USERPROFILE'인 속성 'C:\Users\LIMSOWAN'이(가) 확장되었습니다.
       속성 재할당: $(_DefaultUserProfileRuntimeStorePath)=C:\Program Files\dotnet\sdk\7.0.402\Sdks\Microsoft.NET.Sdk\targets\Microsoft.NET.Sdk.targets(77,5)의 "C:\Users\LIMSOWAN"(이전 값: "")
       속성 재할당: $(_DefaultUserProfileRuntimeStorePath)=C:\Program Files\dotnet\sdk\7.0.402\Sdks\Microsoft.NET.Sdk\targets\Microsoft.NET.Sdk.targets(78,5)의 "C:\Users\LIMSOWAN\.dotnet\store"(이전 값: "C:\Users\LIMSOWAN")
       속성 재할당: $(AvailablePlatforms)=C:\Program Files\dotnet\sdk\7.0.402\Sdks\Microsoft.NET.Sdk\targets\Microsoft.NET.Sdk.targets(112,5)의 "Any CPU,x86,x64,ARM32"(이전 값: "Any CPU,x86,x64")
       속성 재할당: $(AvailablePlatforms)=C:\Program Files\dotnet\sdk\7.0.402\Sdks\Microsoft.NET.Sdk\targets\Microsoft.NET.Sdk.targets(116,5)의 "Any CPU,x86,x64,ARM32,ARM64"(이전 값: "Any CPU,x86,x64,ARM32")
       속성 재할당: $(CoreBuildDependsOn)=C:\Program Files\dotnet\sdk\7.0.402\Sdks\Microsoft.NET.Sdk\targets\Microsoft.NET.Sdk.targets(134,5)의 "
             _CheckForBuildWithNoBuild;
             
             BuildOnlySettings;
             PrepareForBuild;
             PreBuildEvent;
             ResolveReferences;
             PrepareResources;
             ResolveKeySource;
             Compile;
             ExportWindowsMDFile;
             UnmanagedUnregistration;
             GenerateSerializationAssemblies;
             CreateSatelliteAssemblies;
             GenerateManifests;
             GetTargetPath;
             PrepareForRun;
             UnmanagedRegistration;
             IncrementalClean;
             PostBuildEvent
           ;
             GenerateBuildDependencyFile;
             GenerateBuildRuntimeConfigurationFiles
           "(이전 값: "
             BuildOnlySettings;
             PrepareForBuild;
             PreBuildEvent;
             ResolveReferences;
             PrepareResources;
             ResolveKeySource;
             Compile;
             ExportWindowsMDFile;
             UnmanagedUnregistration;
             GenerateSerializationAssemblies;
             CreateSatelliteAssemblies;
             GenerateManifests;
             GetTargetPath;
             PrepareForRun;
             UnmanagedRegistration;
             IncrementalClean;
             PostBuildEvent
           ")
       속성 재할당: $(CoreCleanDependsOn)=C:\Program Files\dotnet\sdk\7.0.402\Sdks\Microsoft.NET.Sdk\targets\Microsoft.NET.Sdk.targets(143,5)의 "
             _SdkBeforeClean;
             
           "(이전 값: "")
       속성 재할당: $(RebuildDependsOn)=C:\Program Files\dotnet\sdk\7.0.402\Sdks\Microsoft.NET.Sdk\targets\Microsoft.NET.Sdk.targets(150,5)의 "
             _SdkBeforeRebuild;
             
             BeforeRebuild;
             Clean;
             Build;
             AfterRebuild;
           
           "(이전 값: "
             BeforeRebuild;
             Clean;
             Build;
             AfterRebuild;
           ")
       속성 재할당: $(CompileDependsOn)=C:\Program Files\dotnet\sdk\7.0.402\Sdks\Microsoft.NET.Sdk\targets\Microsoft.NET.Sdk.targets(564,5)의 "
             
             ResolveReferences;
             ResolveKeySource;
             SetWin32ManifestProperties;
             FindReferenceAssembliesForReferences;
             _GenerateCompileInputs;
             BeforeCompile;
             _TimeStampBeforeCompile;
             _GenerateCompileDependencyCache;
             CoreCompile;
             _TimeStampAfterCompile;
             AfterCompile;
           ;
             _CreateAppHost;
             _CreateComHost;
             _GetIjwHostPaths;
           "(이전 값: "
             ResolveReferences;
             ResolveKeySource;
             SetWin32ManifestProperties;
             FindReferenceAssembliesForReferences;
             _GenerateCompileInputs;
             BeforeCompile;
             _TimeStampBeforeCompile;
             _GenerateCompileDependencyCache;
             CoreCompile;
             _TimeStampAfterCompile;
             AfterCompile;
           ")
       속성 재할당: $(CreateSatelliteAssembliesDependsOn)=C:\Program Files\dotnet\sdk\7.0.402\Sdks\Microsoft.NET.Sdk\targets\Microsoft.NET.Sdk.targets(950,5)의 "
             
             _GenerateSatelliteAssemblyInputs;
             ComputeIntermediateSatelliteAssemblies;
             GenerateSatelliteAssemblies
           ;
             CoreGenerateSatelliteAssemblies
           "(이전 값: "
             _GenerateSatelliteAssemblyInputs;
             ComputeIntermediateSatelliteAssemblies;
             GenerateSatelliteAssemblies
           ")
       속성 재할당: $(DesignerRuntimeImplementationProjectOutputGroupDependsOn)=C:\Program Files\dotnet\sdk\7.0.402\Sdks\Microsoft.NET.Sdk\targets\Microsoft.NET.DesignerSupport.targets(21,5)의 "
             
             ;
             
             ;
             BuildOnlySettings;
             PrepareForBuild;
             AssignTargetPaths;
             ResolveReferences
           
           ;
             _GenerateDesignerDepsFile;
             _GenerateDesignerRuntimeConfigFile;
             GetCopyToOutputDirectoryItems;
             _GatherDesignerShadowCopyFiles;
           "(이전 값: "
             ;
             
             ;
             BuildOnlySettings;
             PrepareForBuild;
             AssignTargetPaths;
             ResolveReferences
           
           ")
       속성 재할당: $(_ShimInputCacheFile)=C:\Program Files\dotnet\sdk\7.0.402\Sdks\Microsoft.NET.Sdk\targets\Microsoft.NET.PackTool.targets(115,5)의 "E:\Unity\LH Editor_Refactoring\tools\FurnitureAuthoringTool\src\FurnitureAuthoring.Tool\obj\Debug\net7.0-windows\FurnitureAuthoring.Tool.shiminput.cache"(이전 값: "obj\Debug\net7.0-windows\FurnitureAuthoring.Tool.shiminput.cache")
       속성 재할당: $(_ShimCreatedSentinelFile)=C:\Program Files\dotnet\sdk\7.0.402\Sdks\Microsoft.NET.Sdk\targets\Microsoft.NET.PackTool.targets(117,5)의 "E:\Unity\LH Editor_Refactoring\tools\FurnitureAuthoringTool\src\FurnitureAuthoring.Tool\obj\Debug\net7.0-windows\FurnitureAuthoring.Tool.shimcreated.sentinel"(이전 값: "obj\Debug\net7.0-windows\FurnitureAuthoring.Tool.shimcreated.sentinel")
       속성 재할당: $(DefineConstants)=C:\Program Files\dotnet\sdk\7.0.402\Sdks\Microsoft.NET.Sdk\targets\Microsoft.NET.Sdk.CSharp.targets(31,5)의 "TRACE;DEBUG"(이전 값: "TRACE")
       속성 재할당: $(DefineConstants)=C:\Program Files\dotnet\sdk\7.0.402\Sdks\Microsoft.NET.Sdk\targets\Microsoft.NET.Sdk.CSharp.targets(34,5)의 "TRACE;DEBUG;NET;NET7_0;NETCOREAPP"(이전 값: "TRACE;DEBUG")
       속성 재할당: $(WarningsAsErrors)=C:\Program Files\dotnet\sdk\7.0.402\Sdks\Microsoft.NET.Sdk\targets\Microsoft.NET.Sdk.CSharp.targets(48,5)의 ";NU1605;SYSLIB0011"(이전 값: ";NU1605")
       속성 재할당: $(TargetPlatformVersion)=C:\Program Files\dotnet\sdk\7.0.402\Sdks\Microsoft.NET.Sdk\targets\Microsoft.NET.Windows.targets(34,5)의 "7.0"(이전 값: "")
       속성 재할당: $(SupportedOSPlatformVersion)=C:\Program Files\dotnet\sdk\7.0.402\Sdks\Microsoft.NET.Sdk\targets\Microsoft.NET.Windows.targets(44,5)의 "7.0"(이전 값: "")
       속성 재할당: $(TargetPlatformMinVersion)=C:\Program Files\dotnet\sdk\7.0.402\Sdks\Microsoft.NET.Sdk\targets\Microsoft.NET.Windows.targets(45,5)의 "7.0"(이전 값: "")
       속성 재할당: $(TargetPlatformDisplayName)=C:\Program Files\dotnet\sdk\7.0.402\Sdks\Microsoft.NET.Sdk\targets\Microsoft.NET.Sdk.targets(1232,5)의 "Windows 7.0"(이전 값: "Windows ")
       속성 재할당: $(_TargetFrameworkVersionValue)=C:\Program Files\dotnet\sdk\7.0.402\Sdks\Microsoft.NET.Sdk.WindowsDesktop\targets\Microsoft.NET.Sdk.WindowsDesktop.targets(51,5)의 "7.0"(이전 값: "0.0")
       속성 재할당: $(PrepareResourceNamesDependsOn)=C:\Program Files\dotnet\sdk\7.0.402\Sdks\Microsoft.NET.Sdk.WindowsDesktop\targets\Microsoft.WinFX.targets(61,7)의 "
                           AssignWinFXEmbeddedResource;
                           
             AssignTargetPaths;
             SplitResourcesByCulture;
             CreateManifestResourceNames;
             CreateCustomManifestResourceNames
           
             "(이전 값: "
             AssignTargetPaths;
             SplitResourcesByCulture;
             CreateManifestResourceNames;
             CreateCustomManifestResourceNames
           ")
       속성 재할당: $(PrepareResourcesDependsOn)=C:\Program Files\dotnet\sdk\7.0.402\Sdks\Microsoft.NET.Sdk.WindowsDesktop\targets\Microsoft.WinFX.targets(69,7)의 "
                       MarkupCompilePass1;
                       AfterMarkupCompilePass1;
                       MarkupCompilePass2ForMainAssembly;
                       FileClassification;
                       MainResourcesGeneration;
                       
             ResolvePackageDependenciesForBuild;
             _HandlePackageFileConflicts;
             
             ;
             PrepareResourceNames;
             ResGen;
             CompileLicxFiles
           
           
             "(이전 값: "
             ResolvePackageDependenciesForBuild;
             _HandlePackageFileConflicts;
             
             ;
             PrepareResourceNames;
             ResGen;
             CompileLicxFiles
           
           ")
       속성 재할당: $(CompileDependsOn)=C:\Program Files\dotnet\sdk\7.0.402\Sdks\Microsoft.NET.Sdk.WindowsDesktop\targets\Microsoft.WinFX.targets(136,5)의 "
               
             
             ResolveReferences;
             ResolveKeySource;
             SetWin32ManifestProperties;
             FindReferenceAssembliesForReferences;
             _GenerateCompileInputs;
             BeforeCompile;
             _TimeStampBeforeCompile;
             _GenerateCompileDependencyCache;
             CoreCompile;
             _TimeStampAfterCompile;
             AfterCompile;
           ;
             _CreateAppHost;
             _CreateComHost;
             _GetIjwHostPaths;
           ;
               _AfterCompileWinFXInternal
           "(이전 값: "
             
             ResolveReferences;
             ResolveKeySource;
             SetWin32ManifestProperties;
             FindReferenceAssembliesForReferences;
             _GenerateCompileInputs;
             BeforeCompile;
             _TimeStampBeforeCompile;
             _GenerateCompileDependencyCache;
             CoreCompile;
             _TimeStampAfterCompile;
             AfterCompile;
           ;
             _CreateAppHost;
             _CreateComHost;
             _GetIjwHostPaths;
           ")
       속성 재할당: $(PublishBuildDependsOn)=C:\Program Files\dotnet\sdk\7.0.402\Sdks\Microsoft.NET.Sdk.WindowsDesktop\targets\Microsoft.WinFX.targets(801,9)의 "
                   BuildOnlySettings;
                   PrepareForBuild;
                   ResolveReferences;
                   PrepareResources;
                   ResolveKeySource;
                   PrepareResourcesForSatelliteAssemblies;
                   GenerateSerializationAssemblies;
                   CreateSatelliteAssemblies;
               "(이전 값: "
             BuildOnlySettings;
             PrepareForBuild;
             ResolveReferences;
             PrepareResources;
             ResolveKeySource;
             GenerateSerializationAssemblies;
             CreateSatelliteAssemblies;
           ")
       속성 재할당: $(PackageDescription)=C:\Program Files\dotnet\sdk\7.0.402\Sdks\NuGet.Build.Tasks.Pack\build\NuGet.Build.Tasks.Pack.targets(34,5)의 "Package Description"(이전 값: "")
       속성 재할당: $(GenerateNuspecDependsOn)=C:\Program Files\dotnet\sdk\7.0.402\Sdks\NuGet.Build.Tasks.Pack\build\NuGet.Build.Tasks.Pack.targets(59,5)의 "Build;_LoadPackInputItems; _GetTargetFrameworksOutput; _WalkEachTargetPerFramework; _GetPackageFiles; "(이전 값: "_LoadPackInputItems; _GetTargetFrameworksOutput; _WalkEachTargetPerFramework; _GetPackageFiles; ")
       "C:\Program Files\dotnet\sdk-manifests\7.0.100\microsoft.net.workload.mono.toolchain.net6\WorkloadManifest.targets" 프로젝트의 "_CheckBrowserWorkloadNeededButNotAvailable" 대상을 "C:\Program Files\dotnet\sdk-manifests\7.0.100\microsoft.net.workload.mono.toolchain.net7\WorkloadManifest.targets" 프로젝트의 "_CheckBrowserWorkloadNeededButNotAvailable" 대상으로 재정의하고 있습니다.
       "C:\Program Files\dotnet\sdk-manifests\7.0.100\microsoft.net.workload.mono.toolchain.net6\WorkloadManifest.targets" 프로젝트의 "_ErrorDisabledWorkload" 대상을 "C:\Program Files\dotnet\sdk-manifests\7.0.100\microsoft.net.workload.mono.toolchain.net7\WorkloadManifest.targets" 프로젝트의 "_ErrorDisabledWorkload" 대상으로 재정의하고 있습니다.
       "C:\Program Files\dotnet\sdk\7.0.402\Microsoft.Common.CurrentVersion.targets" 프로젝트의 "ResolveFrameworkReferences" 대상을 "C:\Program Files\dotnet\sdk\7.0.402\Sdks\Microsoft.NET.Sdk\targets\Microsoft.NET.Sdk.FrameworkReferenceResolution.targets" 프로젝트의 "ResolveFrameworkReferences" 대상으로 재정의하고 있습니다.
       "C:\Program Files\dotnet\sdk\7.0.402\Microsoft.Common.CurrentVersion.targets" 프로젝트의 "Run" 대상을 "C:\Program Files\dotnet\sdk\7.0.402\Sdks\Microsoft.NET.Sdk\targets\Microsoft.NET.Sdk.targets" 프로젝트의 "Run" 대상으로 재정의하고 있습니다.
       "C:\Program Files\dotnet\sdk\7.0.402\Microsoft.Common.CurrentVersion.targets" 프로젝트의 "GenerateSupportedTargetFrameworkAlias" 대상을 "C:\Program Files\dotnet\sdk\7.0.402\Sdks\Microsoft.NET.Sdk\targets\Microsoft.NET.Sdk.targets" 프로젝트의 "GenerateSupportedTargetFrameworkAlias" 대상으로 재정의하고 있습니다.
       "C:\Program Files\dotnet\sdk\7.0.402\Microsoft.Common.CurrentVersion.targets" 프로젝트의 "GetReferenceAssemblyPaths" 대상을 "C:\Program Files\dotnet\sdk\7.0.402\Sdks\Microsoft.NET.Sdk\targets\Microsoft.NET.DisableStandardFrameworkResolution.targets" 프로젝트의 "GetReferenceAssemblyPaths" 대상으로 재정의하고 있습니다.
       "C:\Program Files\dotnet\sdk\7.0.402\Microsoft.Common.CurrentVersion.targets" 프로젝트의 "GetFrameworkPaths" 대상을 "C:\Program Files\dotnet\sdk\7.0.402\Sdks\Microsoft.NET.Sdk\targets\Microsoft.NET.DisableStandardFrameworkResolution.targets" 프로젝트의 "GetFrameworkPaths" 대상으로 재정의하고 있습니다.
       "C:\Program Files\dotnet\sdk\7.0.402\Microsoft.Common.CurrentVersion.targets" 프로젝트의 "DesignerRuntimeImplementationProjectOutputGroup" 대상을 "C:\Program Files\dotnet\sdk\7.0.402\Sdks\Microsoft.NET.Sdk\targets\Microsoft.NET.DesignerSupport.targets" 프로젝트의 "DesignerRuntimeImplementationProjectOutputGroup" 대상으로 재정의하고 있습니다.
       "C:\Program Files\dotnet\sdk\7.0.402\Microsoft.Common.CurrentVersion.targets" 프로젝트의 "Publish" 대상을 "C:\Program Files\dotnet\sdk\7.0.402\Sdks\Microsoft.NET.Sdk\targets\Microsoft.NET.Publish.targets" 프로젝트의 "Publish" 대상으로 재정의하고 있습니다.
       "C:\Program Files\dotnet\sdk\7.0.402\Sdks\Microsoft.NET.Sdk\targets\Microsoft.NET.CrossGen.targets" 프로젝트의 "ResolveReadyToRunCompilers" 대상을 "C:\Program Files\dotnet\sdk\7.0.402\Sdks\Microsoft.NET.Sdk\targets\Microsoft.NET.Publish.targets" 프로젝트의 "ResolveReadyToRunCompilers" 대상으로 재정의하고 있습니다.
       "C:\Program Files\dotnet\sdk\7.0.402\Microsoft.Common.CurrentVersion.targets" 프로젝트의 "GetCopyToPublishDirectoryItems" 대상을 "C:\Program Files\dotnet\sdk\7.0.402\Sdks\Microsoft.NET.Sdk\targets\Microsoft.NET.Publish.targets" 프로젝트의 "GetCopyToPublishDirectoryItems" 대상으로 재정의하고 있습니다.
       "C:\Program Files\dotnet\sdk\7.0.402\Microsoft.Common.CurrentVersion.targets" 프로젝트의 "SatelliteDllsProjectOutputGroup" 대상을 "C:\Program Files\dotnet\sdk\7.0.402\Sdks\Microsoft.NET.Sdk.WindowsDesktop\targets\Microsoft.WinFX.targets" 프로젝트의 "SatelliteDllsProjectOutputGroup" 대상으로 재정의하고 있습니다.
     1>"E:\Unity\LH Editor_Refactoring\tools\FurnitureAuthoringTool\src\FurnitureAuthoring.Tool\FurnitureAuthoring.Tool.csproj"(1) 프로젝트가 1 노드에서 "E:\Unity\LH Editor_Refactoring\tools\FurnitureAuthoringTool\src\FurnitureAuthoring.Tool\FurnitureAuthoring.Tool.csproj"(1:2)을(를) 빌드하고 있습니다(_IsProjectRestoreSupported 대상).
   1:2>"E:\Unity\LH Editor_Refactoring\tools\FurnitureAuthoringTool\src\FurnitureAuthoring.Tool\FurnitureAuthoring.Tool.csproj" 프로젝트의 "C:\Program Files\dotnet\sdk\7.0.402\NuGet.targets" 파일에 있는 "_IsProjectRestoreSupported" 대상(진입점):
   1:2>추가된 항목: _ValidProjectsForRestore=E:\Unity\LH Editor_Refactoring\tools\FurnitureAuthoringTool\src\FurnitureAuthoring.Tool\FurnitureAuthoring.Tool.csproj
   1:2>"FurnitureAuthoring.Tool.csproj" 프로젝트에 "_IsProjectRestoreSupported" 대상을 빌드했습니다.
   1:2>"E:\Unity\LH Editor_Refactoring\tools\FurnitureAuthoringTool\src\FurnitureAuthoring.Tool\FurnitureAuthoring.Tool.csproj" 프로젝트를 빌드했습니다(_IsProjectRestoreSupported 대상).
     1>_FilterRestoreGraphProjectInputItems:
         출력 항목: 
             FilteredRestoreGraphProjectInputItems=
                 E:\Unity\LH Editor_Refactoring\tools\FurnitureAuthoringTool\src\FurnitureAuthoring.Tool\FurnitureAuthoring.Tool.csproj
                         MSBuildSourceProjectFile=E:\Unity\LH Editor_Refactoring\tools\FurnitureAuthoringTool\src\FurnitureAuthoring.Tool\FurnitureAuthoring.Tool.csproj
                         MSBuildSourceTargetName=_IsProjectRestoreSupported
                         OriginalItemSpec=E:\Unity\LH Editor_Refactoring\tools\FurnitureAuthoringTool\src\FurnitureAuthoring.Tool\FurnitureAuthoring.Tool.csproj
       "MSBuild" 작업을 실행했습니다.
       조건이 잘못되어 "MSBuild" 작업을 건너뜁니다. ( '$(RestoreUseSkipNonexistentTargets)' != 'true' )이(가) ( 'true' != 'true' )(으)로 확인되었습니다.
       TaskRun 동안 로드된 어셈블리: NuGet.Build.Tasks, Version=6.7.0.127, Culture=neutral, PublicKeyToken=31bf3856ad364e35(위치: C:\Program Files\dotnet\sdk\7.0.402\NuGet.Build.Tasks.dll%1, MVID: de2aeb77-d26a-4069-b387-3bab46593613%2, AppDomain: [Default]%2).
       TaskRun 동안 로드된 어셈블리: NuGet.Common, Version=6.7.0.127, Culture=neutral, PublicKeyToken=31bf3856ad364e35(위치: C:\Program Files\dotnet\sdk\7.0.402\NuGet.Common.dll%1, MVID: a7b6e070-215b-42b0-ab97-91f6063375d4%2, AppDomain: [Default]%2).
       TaskRun 동안 로드된 어셈블리: NuGet.Commands, Version=6.7.0.127, Culture=neutral, PublicKeyToken=31bf3856ad364e35(위치: C:\Program Files\dotnet\sdk\7.0.402\NuGet.Commands.dll%1, MVID: 28c923d4-8080-4c7f-9826-e84a3162883e%2, AppDomain: [Default]%2).
       TaskRun 동안 로드된 어셈블리: NuGet.ProjectModel, Version=6.7.0.127, Culture=neutral, PublicKeyToken=31bf3856ad364e35(위치: C:\Program Files\dotnet\sdk\7.0.402\NuGet.ProjectModel.dll%1, MVID: 69a833cc-c0bf-4f10-b281-ac5b94868c5f%2, AppDomain: [Default]%2).
       "C:\Program Files\dotnet\sdk\7.0.402\NuGet.Build.Tasks.dll" 어셈블리에서 "WarnForInvalidProjectsTask" 작업을 사용합니다.
       "WarnForInvalidProjectsTask" 작업
         작업 매개 변수:
             ValidProjects=
                 E:\Unity\LH Editor_Refactoring\tools\FurnitureAuthoringTool\src\FurnitureAuthoring.Tool\FurnitureAuthoring.Tool.csproj
                         MSBuildSourceProjectFile=E:\Unity\LH Editor_Refactoring\tools\FurnitureAuthoringTool\src\FurnitureAuthoring.Tool\FurnitureAuthoring.Tool.csproj
                         MSBuildSourceTargetName=_IsProjectRestoreSupported
                         OriginalItemSpec=E:\Unity\LH Editor_Refactoring\tools\FurnitureAuthoringTool\src\FurnitureAuthoring.Tool\FurnitureAuthoring.Tool.csproj
         작업 매개 변수:AllProjects=E:\Unity\LH Editor_Refactoring\tools\FurnitureAuthoringTool\src\FurnitureAuthoring.Tool\FurnitureAuthoring.Tool.csproj
         (in) AllProjects 'E:\Unity\LH Editor_Refactoring\tools\FurnitureAuthoringTool\src\FurnitureAuthoring.Tool\FurnitureAuthoring.Tool.csproj'
         (in) ValidProjects 'E:\Unity\LH Editor_Refactoring\tools\FurnitureAuthoringTool\src\FurnitureAuthoring.Tool\FurnitureAuthoring.Tool.csproj'
       "WarnForInvalidProjectsTask" 작업을 실행했습니다.
     1>"FurnitureAuthoring.Tool.csproj" 프로젝트에 "_FilterRestoreGraphProjectInputItems" 대상을 빌드했습니다.
       "_FilterRestoreGraphProjectInputItems" 대상을 건너뜁니다. 이전에 빌드되었습니다.
     1>"E:\Unity\LH Editor_Refactoring\tools\FurnitureAuthoringTool\src\FurnitureAuthoring.Tool\FurnitureAuthoring.Tool.csproj" 프로젝트의 "C:\Program Files\dotnet\sdk\7.0.402\NuGet.targets" 파일에 있는 "_GetAllRestoreProjectPathItems" 대상("_GenerateRestoreGraph" 대상이 종속됨):
       "C:\Program Files\dotnet\sdk\7.0.402\NuGet.Build.Tasks.dll" 어셈블리에서 "NuGetMessageTask" 작업을 사용합니다.
       "NuGetMessageTask" 작업
         작업 매개 변수:Name=DeterminingProjectsToRestore
         작업 매개 변수:Importance=High
         TaskRun (NuGet.Build.Tasks.NuGetMessageTask) 동안 로드된 어셈블리: NuGet.Build.Tasks.resources, Version=6.0.0.278, Culture=ko, PublicKeyToken=31bf3856ad364e35, processorArchitecture=MSIL(위치: C:\Program Files\dotnet\sdk\7.0.402\ko\NuGet.Build.Tasks.resources.dll%1, MVID: 3eb1ebc5-5f11-4962-8e0a-1f3ea840db0e%2, AppDomain: [Default]%2).
         복원할 프로젝트를 확인하는 중...
       "NuGetMessageTask" 작업을 실행했습니다.
       "MSBuild" 작업
         작업 매개 변수:
             Projects=
                 E:\Unity\LH Editor_Refactoring\tools\FurnitureAuthoringTool\src\FurnitureAuthoring.Tool\FurnitureAuthoring.Tool.csproj
                         MSBuildSourceProjectFile=E:\Unity\LH Editor_Refactoring\tools\FurnitureAuthoringTool\src\FurnitureAuthoring.Tool\FurnitureAuthoring.Tool.csproj
                         MSBuildSourceTargetName=_IsProjectRestoreSupported
                         OriginalItemSpec=E:\Unity\LH Editor_Refactoring\tools\FurnitureAuthoringTool\src\FurnitureAuthoring.Tool\FurnitureAuthoring.Tool.csproj
         작업 매개 변수:Targets=_GenerateRestoreProjectPathWalk
         작업 매개 변수:SkipNonexistentTargets=True
         작업 매개 변수:BuildInParallel=True
         작업 매개 변수:SkipNonexistentProjects=true
         작업 매개 변수:Properties=ExcludeRestorePackageImports=true
         전역 속성:
           ExcludeRestorePackageImports=true
     1>"E:\Unity\LH Editor_Refactoring\tools\FurnitureAuthoringTool\src\FurnitureAuthoring.Tool\FurnitureAuthoring.Tool.csproj"(1) 프로젝트가 1 노드에서 "E:\Unity\LH Editor_Refactoring\tools\FurnitureAuthoringTool\src\FurnitureAuthoring.Tool\FurnitureAuthoring.Tool.csproj"(1:3)을(를) 빌드하고 있습니다(_GenerateRestoreProjectPathWalk 대상).
   1:3>조건이 잘못되어 "_GenerateRestoreProjectPathItemsAllFrameworks" 대상을 건너뜁니다. ( '$(TargetFrameworks)' != '' )이(가) ( '' != '' )(으)로 확인되었습니다.
   1:3>"E:\Unity\LH Editor_Refactoring\tools\FurnitureAuthoringTool\src\FurnitureAuthoring.Tool\FurnitureAuthoring.Tool.csproj" 프로젝트의 "C:\Program Files\dotnet\sdk\7.0.402\NuGet.targets" 파일에 있는 "_GenerateRestoreProjectPathItemsPerFramework" 대상("_GenerateRestoreProjectPathItemsCurrentProject" 대상이 종속됨):
       "Microsoft.Build.Tasks.Core, Version=15.1.0.0, Culture=neutral, PublicKeyToken=b03f5f7f11d50a3a" 어셈블리에서 "ConvertToAbsolutePath" 작업을 사용합니다.
       "ConvertToAbsolutePath" 작업
         작업 매개 변수:
             Paths=
                 ..\FurnitureAuthoring.Application\FurnitureAuthoring.Application.csproj
                         OutputItemType=
                         ReferenceSourceTarget=ProjectReference
                         Targets=
                 ..\FurnitureAuthoring.Infrastructure\FurnitureAuthoring.Infrastructure.csproj
                         OutputItemType=
                         ReferenceSourceTarget=ProjectReference
                         Targets=
         출력 속성: _RestoreGraphAbsoluteProjectPaths=E:\Unity\LH Editor_Refactoring\tools\FurnitureAuthoringTool\src\FurnitureAuthoring.Application\FurnitureAuthoring.Application.csproj;E:\Unity\LH Editor_Refactoring\tools\FurnitureAuthoringTool\src\FurnitureAuthoring.Infrastructure\FurnitureAuthoring.Infrastructure.csproj
       "ConvertToAbsolutePath" 작업을 실행했습니다.
       추가된 항목: 
           _RestoreProjectPathItems=
               E:\Unity\LH Editor_Refactoring\tools\FurnitureAuthoringTool\src\FurnitureAuthoring.Application\FurnitureAuthoring.Application.csproj
               E:\Unity\LH Editor_Refactoring\tools\FurnitureAuthoringTool\src\FurnitureAuthoring.Infrastructure\FurnitureAuthoring.Infrastructure.csproj
   1:3>"FurnitureAuthoring.Tool.csproj" 프로젝트에 "_GenerateRestoreProjectPathItemsPerFramework" 대상을 빌드했습니다.
   1:3>"E:\Unity\LH Editor_Refactoring\tools\FurnitureAuthoringTool\src\FurnitureAuthoring.Tool\FurnitureAuthoring.Tool.csproj" 프로젝트의 "C:\Program Files\dotnet\sdk\7.0.402\NuGet.targets" 파일에 있는 "_GenerateRestoreProjectPathItemsCurrentProject" 대상("_GenerateRestoreProjectPathItems" 대상이 종속됨):
   1:3>"FurnitureAuthoring.Tool.csproj" 프로젝트에 "_GenerateRestoreProjectPathItemsCurrentProject" 대상을 빌드했습니다.
   1:3>"E:\Unity\LH Editor_Refactoring\tools\FurnitureAuthoringTool\src\FurnitureAuthoring.Tool\FurnitureAuthoring.Tool.csproj" 프로젝트의 "C:\Program Files\dotnet\sdk\7.0.402\NuGet.targets" 파일에 있는 "_GenerateRestoreProjectPathItems" 대상("_GenerateRestoreProjectPathWalk" 대상이 종속됨):
       "RemoveDuplicates" 작업
         출력 항목: 
             _CurrentRestoreProjectPathItems=
                 E:\Unity\LH Editor_Refactoring\tools\FurnitureAuthoringTool\src\FurnitureAuthoring.Application\FurnitureAuthoring.Application.csproj
                 E:\Unity\LH Editor_Refactoring\tools\FurnitureAuthoringTool\src\FurnitureAuthoring.Infrastructure\FurnitureAuthoring.Infrastructure.csproj
       "RemoveDuplicates" 작업을 실행했습니다.
   1:3>"FurnitureAuthoring.Tool.csproj" 프로젝트에 "_GenerateRestoreProjectPathItems" 대상을 빌드했습니다.
   1:3>"E:\Unity\LH Editor_Refactoring\tools\FurnitureAuthoringTool\src\FurnitureAuthoring.Tool\FurnitureAuthoring.Tool.csproj" 프로젝트의 "C:\Program Files\dotnet\sdk\7.0.402\NuGet.targets" 파일에 있는 "_GenerateRestoreProjectPathWalk" 대상(진입점):
       "MSBuild" 작업
         작업 매개 변수:
             Projects=
                 E:\Unity\LH Editor_Refactoring\tools\FurnitureAuthoringTool\src\FurnitureAuthoring.Application\FurnitureAuthoring.Application.csproj
                 E:\Unity\LH Editor_Refactoring\tools\FurnitureAuthoringTool\src\FurnitureAuthoring.Infrastructure\FurnitureAuthoring.Infrastructure.csproj
         작업 매개 변수:Targets=_GenerateRestoreProjectPathWalk
         작업 매개 변수:SkipNonexistentTargets=True
         작업 매개 변수:BuildInParallel=True
         작업 매개 변수:SkipNonexistentProjects=true
         작업 매개 변수:Properties=ExcludeRestorePackageImports=true
         전역 속성:
           ExcludeRestorePackageImports=true
     0>환경에서 값이 'MSBuildExtensionsPath'인 속성 'C:\Program Files\dotnet\sdk\7.0.402\'이(가) 확장되었습니다.
       속성 재할당: $(MSBuildProjectExtensionsPath)=C:\Program Files\dotnet\sdk\7.0.402\Current\Microsoft.Common.props(60,5)의 "E:\Unity\LH Editor_Refactoring\tools\FurnitureAuthoringTool\src\FurnitureAuthoring.Application\obj\"(이전 값: "obj\")
       속성 재할당: $(AssemblySearchPaths)=C:\Program Files\dotnet\sdk\7.0.402\Sdks\Microsoft.NET.Sdk\targets\Microsoft.NET.Sdk.props(82,5)의 "{CandidateAssemblyFiles};{HintPathFromItem}"(이전 값: "{CandidateAssemblyFiles}")
       속성 재할당: $(AssemblySearchPaths)=C:\Program Files\dotnet\sdk\7.0.402\Sdks\Microsoft.NET.Sdk\targets\Microsoft.NET.Sdk.props(83,5)의 "{CandidateAssemblyFiles};{HintPathFromItem};{TargetFrameworkDirectory}"(이전 값: "{CandidateAssemblyFiles};{HintPathFromItem}")
       속성 재할당: $(AssemblySearchPaths)=C:\Program Files\dotnet\sdk\7.0.402\Sdks\Microsoft.NET.Sdk\targets\Microsoft.NET.Sdk.props(84,5)의 "{CandidateAssemblyFiles};{HintPathFromItem};{TargetFrameworkDirectory};{RawFileName}"(이전 값: "{CandidateAssemblyFiles};{HintPathFromItem};{TargetFrameworkDirectory}")
       속성 재할당: $(PublishAotSupported)=C:\Program Files\dotnet\sdk\7.0.402\Sdks\Microsoft.NET.Sdk\targets\Microsoft.NET.Sdk.props(120,5)의 "true"(이전 값: "false")
       속성 재할당: $(TargetsForTfmSpecificContentInPackage)=C:\Program Files\dotnet\sdk\7.0.402\Sdks\Microsoft.NET.Sdk\targets\Microsoft.NET.PackProjectTool.props(15,5)의 ";PackTool;_PackProjectToolValidation"(이전 값: ";PackTool")
       속성 재할당: $(PublishProfileImported)=C:\Program Files\dotnet\sdk\7.0.402\Sdks\Microsoft.NET.Sdk\targets\Microsoft.NET.Sdk.ImportPublishProfile.targets(28,5)의 "false"(이전 값: "true")
       속성 재할당: $(TargetPlatformVersion)=C:\Program Files\dotnet\sdk\7.0.402\Sdks\Microsoft.NET.Sdk\targets\Microsoft.NET.TargetFrameworkInference.targets(65,5)의 ""(이전 값: "0.0")
       속성 재할당: $(DefaultItemExcludes)=C:\Program Files\dotnet\sdk\7.0.402\Sdks\Microsoft.NET.Sdk\targets\Microsoft.NET.TargetFrameworkInference.targets(247,5)의 ";bin\Debug\/**;obj\Debug\/**"(이전 값: ";bin\Debug\/**")
       속성 재할당: $(IntermediateOutputPath)=C:\Program Files\dotnet\sdk\7.0.402\Sdks\Microsoft.NET.Sdk\targets\Microsoft.NET.TargetFrameworkInference.targets(266,5)의 "obj\Debug\net7.0\"(이전 값: "obj\Debug\")
       속성 재할당: $(OutputPath)=C:\Program Files\dotnet\sdk\7.0.402\Sdks\Microsoft.NET.Sdk\targets\Microsoft.NET.TargetFrameworkInference.targets(267,5)의 "bin\Debug\net7.0\"(이전 값: "bin\Debug\")
       속성 재할당: $(_FrameworkIdentifierForImplicitDefine)=C:\Program Files\dotnet\sdk\7.0.402\Sdks\Microsoft.NET.Sdk\targets\Microsoft.NET.Sdk.BeforeCommon.targets(180,5)의 "NET"(이전 값: "NETCOREAPP")
       속성 재할당: $(_FrameworkVersionForImplicitDefine)=C:\Program Files\dotnet\sdk\7.0.402\Sdks\Microsoft.NET.Sdk\targets\Microsoft.NET.Sdk.BeforeCommon.targets(185,5)의 "7_0"(이전 값: "7.0")
       속성 재할당: $(CommandLineArgsForDesignTimeEvaluation)=C:\Program Files\dotnet\sdk\7.0.402\Roslyn\Microsoft.CSharp.Core.targets(192,5)의 "-langversion:11.0 -define:TRACE"(이전 값: "-langversion:11.0")
       속성 재할당: $(_DebugSymbolsProduced)=C:\Program Files\dotnet\sdk\7.0.402\Microsoft.Common.CurrentVersion.targets(175,5)의 "true"(이전 값: "false")
       속성 재할당: $(_DocumentationFileProduced)=C:\Program Files\dotnet\sdk\7.0.402\Microsoft.Common.CurrentVersion.targets(185,5)의 "false"(이전 값: "true")
       속성 재할당: $(ProcessorArchitecture)=C:\Program Files\dotnet\sdk\7.0.402\Microsoft.Common.CurrentVersion.targets(529,5)의 "msil"(이전 값: "")
       속성 재할당: $(DelaySign)=C:\Program Files\dotnet\sdk\7.0.402\Microsoft.Common.CurrentVersion.targets(568,5)의 ""(이전 값: "false")
       환경에서 값이 'LOCALAPPDATA'인 속성 'C:\Users\LIMSOWAN\AppData\Local'이(가) 확장되었습니다.
       속성 재할당: $(_SGenGenerateSerializationAssembliesConfig)=C:\Program Files\dotnet\sdk\7.0.402\Microsoft.Common.CurrentVersion.targets(3806,5)의 "Auto"(이전 값: "")
       속성 재할당: $(_SGenGenerateSerializationAssembliesConfig)=C:\Program Files\dotnet\sdk\7.0.402\Microsoft.Common.CurrentVersion.targets(3807,5)의 "Off"(이전 값: "Auto")
       속성 재할당: $(_TargetsThatPrepareProjectReferences)=C:\Program Files\dotnet\sdk\7.0.402\Microsoft.Common.CurrentVersion.targets(4944,5)의 "
             AssignProjectConfiguration;
             _SplitProjectReferencesByFileExistence
           "(이전 값: "_SplitProjectReferencesByFileExistence")
       환경에서 값이 'MSBuildExtensionsPath32'인 속성 'C:\Program Files\dotnet\sdk\7.0.402'이(가) 확장되었습니다.
       속성 재할당: $(ProjectAssetsFile)=C:\Program Files\dotnet\sdk\7.0.402\Sdks\Microsoft.NET.Sdk\targets\Microsoft.PackageDependencyResolution.targets(24,5)의 "E:\Unity\LH Editor_Refactoring\tools\FurnitureAuthoringTool\src\FurnitureAuthoring.Application\obj\project.assets.json"(이전 값: "E:\Unity\LH Editor_Refactoring\tools\FurnitureAuthoringTool\src\FurnitureAuthoring.Application\obj\/project.assets.json")
       속성 재할당: $(ProjectAssetsCacheFile)=C:\Program Files\dotnet\sdk\7.0.402\Sdks\Microsoft.NET.Sdk\targets\Microsoft.PackageDependencyResolution.targets(29,5)의 "E:\Unity\LH Editor_Refactoring\tools\FurnitureAuthoringTool\src\FurnitureAuthoring.Application\obj\Debug\net7.0\FurnitureAuthoring.Application.assets.cache"(이전 값: "obj\Debug\net7.0\FurnitureAuthoring.Application.assets.cache")
       속성 재할당: $(ResolveAssemblyReferencesDependsOn)=C:\Program Files\dotnet\sdk\7.0.402\Sdks\Microsoft.NET.Sdk\targets\Microsoft.PackageDependencyResolution.targets(80,5)의 "
             
             ResolveProjectReferences;
             FindInvalidProjectReferences;
             GetFrameworkPaths;
             GetReferenceAssemblyPaths;
             PrepareForBuild;
             ResolveSDKReferences;
             ExpandSDKReferences;
           ;
             ResolvePackageDependenciesForBuild;
             _HandlePackageFileConflicts;
           "(이전 값: "
             ResolveProjectReferences;
             FindInvalidProjectReferences;
             GetFrameworkPaths;
             GetReferenceAssemblyPaths;
             PrepareForBuild;
             ResolveSDKReferences;
             ExpandSDKReferences;
           ")
       속성 재할당: $(PrepareResourcesDependsOn)=C:\Program Files\dotnet\sdk\7.0.402\Sdks\Microsoft.NET.Sdk\targets\Microsoft.PackageDependencyResolution.targets(86,5)의 "
             ResolvePackageDependenciesForBuild;
             _HandlePackageFileConflicts;
             
             ;
             PrepareResourceNames;
             ResGen;
             CompileLicxFiles
           
           "(이전 값: "
             ;
             PrepareResourceNames;
             ResGen;
             CompileLicxFiles
           ")
       속성 재할당: $(DefaultItemExcludes)=C:\Program Files\dotnet\sdk\7.0.402\Sdks\Microsoft.NET.Sdk\targets\Microsoft.NET.Sdk.DefaultItems.targets(27,5)의 ";bin\Debug\/**;obj\Debug\/**;bin\/**"(이전 값: ";bin\Debug\/**;obj\Debug\/**")
       속성 재할당: $(DefaultItemExcludes)=C:\Program Files\dotnet\sdk\7.0.402\Sdks\Microsoft.NET.Sdk\targets\Microsoft.NET.Sdk.DefaultItems.targets(29,5)의 ";bin\Debug\/**;obj\Debug\/**;bin\/**;obj\/**"(이전 값: ";bin\Debug\/**;obj\Debug\/**;bin\/**")
       속성 재할당: $(DefaultItemExcludes)=C:\Program Files\dotnet\sdk\7.0.402\Sdks\Microsoft.NET.Sdk\targets\Microsoft.NET.Sdk.DefaultItems.targets(32,5)의 ";bin\Debug\/**;obj\Debug\/**;bin\/**;obj\/**;**/*.user"(이전 값: ";bin\Debug\/**;obj\Debug\/**;bin\/**;obj\/**")
       속성 재할당: $(DefaultItemExcludes)=C:\Program Files\dotnet\sdk\7.0.402\Sdks\Microsoft.NET.Sdk\targets\Microsoft.NET.Sdk.DefaultItems.targets(33,5)의 ";bin\Debug\/**;obj\Debug\/**;bin\/**;obj\/**;**/*.user;**/*.*proj"(이전 값: ";bin\Debug\/**;obj\Debug\/**;bin\/**;obj\/**;**/*.user")
       속성 재할당: $(DefaultItemExcludes)=C:\Program Files\dotnet\sdk\7.0.402\Sdks\Microsoft.NET.Sdk\targets\Microsoft.NET.Sdk.DefaultItems.targets(34,5)의 ";bin\Debug\/**;obj\Debug\/**;bin\/**;obj\/**;**/*.user;**/*.*proj;**/*.sln"(이전 값: ";bin\Debug\/**;obj\Debug\/**;bin\/**;obj\/**;**/*.user;**/*.*proj")
       속성 재할당: $(DefaultItemExcludes)=C:\Program Files\dotnet\sdk\7.0.402\Sdks\Microsoft.NET.Sdk\targets\Microsoft.NET.Sdk.DefaultItems.targets(35,5)의 ";bin\Debug\/**;obj\Debug\/**;bin\/**;obj\/**;**/*.user;**/*.*proj;**/*.sln;**/*.vssscc"(이전 값: ";bin\Debug\/**;obj\Debug\/**;bin\/**;obj\/**;**/*.user;**/*.*proj;**/*.sln")
       속성 재할당: $(ResolveAssemblyReferencesDependsOn)=C:\Program Files\dotnet\sdk\7.0.402\Sdks\Microsoft.NET.Sdk\targets\Microsoft.NET.Sdk.FrameworkReferenceResolution.targets(14,5)의 "
             
             
             ResolveProjectReferences;
             FindInvalidProjectReferences;
             GetFrameworkPaths;
             GetReferenceAssemblyPaths;
             PrepareForBuild;
             ResolveSDKReferences;
             ExpandSDKReferences;
           ;
             ResolvePackageDependenciesForBuild;
             _HandlePackageFileConflicts;
           ;
             ResolveTargetingPackAssets;
           "(이전 값: "
             
             ResolveProjectReferences;
             FindInvalidProjectReferences;
             GetFrameworkPaths;
             GetReferenceAssemblyPaths;
             PrepareForBuild;
             ResolveSDKReferences;
             ExpandSDKReferences;
           ;
             ResolvePackageDependenciesForBuild;
             _HandlePackageFileConflicts;
           ")
       속성 재할당: $(_GenerateRuntimeConfigurationPropertyInputsCache)=C:\Program Files\dotnet\sdk\7.0.402\Sdks\Microsoft.NET.Sdk\targets\Microsoft.NET.Sdk.targets(44,5)의 "E:\Unity\LH Editor_Refactoring\tools\FurnitureAuthoringTool\src\FurnitureAuthoring.Application\obj\Debug\net7.0\FurnitureAuthoring.Application.genruntimeconfig.cache"(이전 값: "obj\Debug\net7.0\FurnitureAuthoring.Application.genruntimeconfig.cache")
       속성 재할당: $(GenerateRuntimeConfigDevFile)=C:\Program Files\dotnet\sdk\7.0.402\Sdks\Microsoft.NET.Sdk\targets\Microsoft.NET.Sdk.targets(61,5)의 "false"(이전 값: "true")
       환경에서 값이 'USERPROFILE'인 속성 'C:\Users\LIMSOWAN'이(가) 확장되었습니다.
       속성 재할당: $(_DefaultUserProfileRuntimeStorePath)=C:\Program Files\dotnet\sdk\7.0.402\Sdks\Microsoft.NET.Sdk\targets\Microsoft.NET.Sdk.targets(77,5)의 "C:\Users\LIMSOWAN"(이전 값: "")
       속성 재할당: $(_DefaultUserProfileRuntimeStorePath)=C:\Program Files\dotnet\sdk\7.0.402\Sdks\Microsoft.NET.Sdk\targets\Microsoft.NET.Sdk.targets(78,5)의 "C:\Users\LIMSOWAN\.dotnet\store"(이전 값: "C:\Users\LIMSOWAN")
       속성 재할당: $(AvailablePlatforms)=C:\Program Files\dotnet\sdk\7.0.402\Sdks\Microsoft.NET.Sdk\targets\Microsoft.NET.Sdk.targets(112,5)의 "Any CPU,x86,x64,ARM32"(이전 값: "Any CPU,x86,x64")
       속성 재할당: $(AvailablePlatforms)=C:\Program Files\dotnet\sdk\7.0.402\Sdks\Microsoft.NET.Sdk\targets\Microsoft.NET.Sdk.targets(116,5)의 "Any CPU,x86,x64,ARM32,ARM64"(이전 값: "Any CPU,x86,x64,ARM32")
       속성 재할당: $(CoreBuildDependsOn)=C:\Program Files\dotnet\sdk\7.0.402\Sdks\Microsoft.NET.Sdk\targets\Microsoft.NET.Sdk.targets(134,5)의 "
             _CheckForBuildWithNoBuild;
             
             BuildOnlySettings;
             PrepareForBuild;
             PreBuildEvent;
             ResolveReferences;
             PrepareResources;
             ResolveKeySource;
             Compile;
             ExportWindowsMDFile;
             UnmanagedUnregistration;
             GenerateSerializationAssemblies;
             CreateSatelliteAssemblies;
             GenerateManifests;
             GetTargetPath;
             PrepareForRun;
             UnmanagedRegistration;
             IncrementalClean;
             PostBuildEvent
           ;
             GenerateBuildDependencyFile;
             GenerateBuildRuntimeConfigurationFiles
           "(이전 값: "
             BuildOnlySettings;
             PrepareForBuild;
             PreBuildEvent;
             ResolveReferences;
             PrepareResources;
             ResolveKeySource;
             Compile;
             ExportWindowsMDFile;
             UnmanagedUnregistration;
             GenerateSerializationAssemblies;
             CreateSatelliteAssemblies;
             GenerateManifests;
             GetTargetPath;
             PrepareForRun;
             UnmanagedRegistration;
             IncrementalClean;
             PostBuildEvent
           ")
       속성 재할당: $(CoreCleanDependsOn)=C:\Program Files\dotnet\sdk\7.0.402\Sdks\Microsoft.NET.Sdk\targets\Microsoft.NET.Sdk.targets(143,5)의 "
             _SdkBeforeClean;
             
           "(이전 값: "")
       속성 재할당: $(RebuildDependsOn)=C:\Program Files\dotnet\sdk\7.0.402\Sdks\Microsoft.NET.Sdk\targets\Microsoft.NET.Sdk.targets(150,5)의 "
             _SdkBeforeRebuild;
             
             BeforeRebuild;
             Clean;
             Build;
             AfterRebuild;
           
           "(이전 값: "
             BeforeRebuild;
             Clean;
             Build;
             AfterRebuild;
           ")
       속성 재할당: $(CompileDependsOn)=C:\Program Files\dotnet\sdk\7.0.402\Sdks\Microsoft.NET.Sdk\targets\Microsoft.NET.Sdk.targets(564,5)의 "
             
             ResolveReferences;
             ResolveKeySource;
             SetWin32ManifestProperties;
             FindReferenceAssembliesForReferences;
             _GenerateCompileInputs;
             BeforeCompile;
             _TimeStampBeforeCompile;
             _GenerateCompileDependencyCache;
             CoreCompile;
             _TimeStampAfterCompile;
             AfterCompile;
           ;
             _CreateAppHost;
             _CreateComHost;
             _GetIjwHostPaths;
           "(이전 값: "
             ResolveReferences;
             ResolveKeySource;
             SetWin32ManifestProperties;
             FindReferenceAssembliesForReferences;
             _GenerateCompileInputs;
             BeforeCompile;
             _TimeStampBeforeCompile;
             _GenerateCompileDependencyCache;
             CoreCompile;
             _TimeStampAfterCompile;
             AfterCompile;
           ")
       속성 재할당: $(CreateSatelliteAssembliesDependsOn)=C:\Program Files\dotnet\sdk\7.0.402\Sdks\Microsoft.NET.Sdk\targets\Microsoft.NET.Sdk.targets(950,5)의 "
             
             _GenerateSatelliteAssemblyInputs;
             ComputeIntermediateSatelliteAssemblies;
             GenerateSatelliteAssemblies
           ;
             CoreGenerateSatelliteAssemblies
           "(이전 값: "
             _GenerateSatelliteAssemblyInputs;
             ComputeIntermediateSatelliteAssemblies;
             GenerateSatelliteAssemblies
           ")
       속성 재할당: $(DesignerRuntimeImplementationProjectOutputGroupDependsOn)=C:\Program Files\dotnet\sdk\7.0.402\Sdks\Microsoft.NET.Sdk\targets\Microsoft.NET.DesignerSupport.targets(21,5)의 "
             
             ;
             
             ;
             BuildOnlySettings;
             PrepareForBuild;
             AssignTargetPaths;
             ResolveReferences
           
           ;
             _GenerateDesignerDepsFile;
             _GenerateDesignerRuntimeConfigFile;
             GetCopyToOutputDirectoryItems;
             _GatherDesignerShadowCopyFiles;
           "(이전 값: "
             ;
             
             ;
             BuildOnlySettings;
             PrepareForBuild;
             AssignTargetPaths;
             ResolveReferences
           
           ")
       속성 재할당: $(_ShimInputCacheFile)=C:\Program Files\dotnet\sdk\7.0.402\Sdks\Microsoft.NET.Sdk\targets\Microsoft.NET.PackTool.targets(115,5)의 "E:\Unity\LH Editor_Refactoring\tools\FurnitureAuthoringTool\src\FurnitureAuthoring.Application\obj\Debug\net7.0\FurnitureAuthoring.Application.shiminput.cache"(이전 값: "obj\Debug\net7.0\FurnitureAuthoring.Application.shiminput.cache")
       속성 재할당: $(_ShimCreatedSentinelFile)=C:\Program Files\dotnet\sdk\7.0.402\Sdks\Microsoft.NET.Sdk\targets\Microsoft.NET.PackTool.targets(117,5)의 "E:\Unity\LH Editor_Refactoring\tools\FurnitureAuthoringTool\src\FurnitureAuthoring.Application\obj\Debug\net7.0\FurnitureAuthoring.Application.shimcreated.sentinel"(이전 값: "obj\Debug\net7.0\FurnitureAuthoring.Application.shimcreated.sentinel")
       속성 재할당: $(DefineConstants)=C:\Program Files\dotnet\sdk\7.0.402\Sdks\Microsoft.NET.Sdk\targets\Microsoft.NET.Sdk.CSharp.targets(31,5)의 "TRACE;DEBUG"(이전 값: "TRACE")
       속성 재할당: $(DefineConstants)=C:\Program Files\dotnet\sdk\7.0.402\Sdks\Microsoft.NET.Sdk\targets\Microsoft.NET.Sdk.CSharp.targets(34,5)의 "TRACE;DEBUG;NET;NET7_0;NETCOREAPP"(이전 값: "TRACE;DEBUG")
       속성 재할당: $(WarningsAsErrors)=C:\Program Files\dotnet\sdk\7.0.402\Sdks\Microsoft.NET.Sdk\targets\Microsoft.NET.Sdk.CSharp.targets(48,5)의 ";NU1605;SYSLIB0011"(이전 값: ";NU1605")
       속성 재할당: $(PackageDescription)=C:\Program Files\dotnet\sdk\7.0.402\Sdks\NuGet.Build.Tasks.Pack\build\NuGet.Build.Tasks.Pack.targets(34,5)의 "Package Description"(이전 값: "")
       속성 재할당: $(GenerateNuspecDependsOn)=C:\Program Files\dotnet\sdk\7.0.402\Sdks\NuGet.Build.Tasks.Pack\build\NuGet.Build.Tasks.Pack.targets(59,5)의 "Build;_LoadPackInputItems; _GetTargetFrameworksOutput; _WalkEachTargetPerFramework; _GetPackageFiles; "(이전 값: "_LoadPackInputItems; _GetTargetFrameworksOutput; _WalkEachTargetPerFramework; _GetPackageFiles; ")
       Evaluation 동안 로드된 어셈블리: System.IO.Pipes, Version=7.0.0.0, Culture=neutral, PublicKeyToken=b03f5f7f11d50a3a(위치: C:\Program Files\dotnet\shared\Microsoft.NETCore.App\7.0.12\System.IO.Pipes.dll%1, MVID: 1a511222-d194-4180-b63d-43d4b2a0798b%2, AppDomain: [Default]%2).
       "C:\Program Files\dotnet\sdk-manifests\7.0.100\microsoft.net.workload.mono.toolchain.net6\WorkloadManifest.targets" 프로젝트의 "_CheckBrowserWorkloadNeededButNotAvailable" 대상을 "C:\Program Files\dotnet\sdk-manifests\7.0.100\microsoft.net.workload.mono.toolchain.net7\WorkloadManifest.targets" 프로젝트의 "_CheckBrowserWorkloadNeededButNotAvailable" 대상으로 재정의하고 있습니다.
       "C:\Program Files\dotnet\sdk-manifests\7.0.100\microsoft.net.workload.mono.toolchain.net6\WorkloadManifest.targets" 프로젝트의 "_ErrorDisabledWorkload" 대상을 "C:\Program Files\dotnet\sdk-manifests\7.0.100\microsoft.net.workload.mono.toolchain.net7\WorkloadManifest.targets" 프로젝트의 "_ErrorDisabledWorkload" 대상으로 재정의하고 있습니다.
       "C:\Program Files\dotnet\sdk\7.0.402\Microsoft.Common.CurrentVersion.targets" 프로젝트의 "ResolveFrameworkReferences" 대상을 "C:\Program Files\dotnet\sdk\7.0.402\Sdks\Microsoft.NET.Sdk\targets\Microsoft.NET.Sdk.FrameworkReferenceResolution.targets" 프로젝트의 "ResolveFrameworkReferences" 대상으로 재정의하고 있습니다.
       "C:\Program Files\dotnet\sdk\7.0.402\Microsoft.Common.CurrentVersion.targets" 프로젝트의 "Run" 대상을 "C:\Program Files\dotnet\sdk\7.0.402\Sdks\Microsoft.NET.Sdk\targets\Microsoft.NET.Sdk.targets" 프로젝트의 "Run" 대상으로 재정의하고 있습니다.
       "C:\Program Files\dotnet\sdk\7.0.402\Microsoft.Common.CurrentVersion.targets" 프로젝트의 "GenerateSupportedTargetFrameworkAlias" 대상을 "C:\Program Files\dotnet\sdk\7.0.402\Sdks\Microsoft.NET.Sdk\targets\Microsoft.NET.Sdk.targets" 프로젝트의 "GenerateSupportedTargetFrameworkAlias" 대상으로 재정의하고 있습니다.
       "C:\Program Files\dotnet\sdk\7.0.402\Microsoft.Common.CurrentVersion.targets" 프로젝트의 "GetReferenceAssemblyPaths" 대상을 "C:\Program Files\dotnet\sdk\7.0.402\Sdks\Microsoft.NET.Sdk\targets\Microsoft.NET.DisableStandardFrameworkResolution.targets" 프로젝트의 "GetReferenceAssemblyPaths" 대상으로 재정의하고 있습니다.
       "C:\Program Files\dotnet\sdk\7.0.402\Microsoft.Common.CurrentVersion.targets" 프로젝트의 "GetFrameworkPaths" 대상을 "C:\Program Files\dotnet\sdk\7.0.402\Sdks\Microsoft.NET.Sdk\targets\Microsoft.NET.DisableStandardFrameworkResolution.targets" 프로젝트의 "GetFrameworkPaths" 대상으로 재정의하고 있습니다.
       "C:\Program Files\dotnet\sdk\7.0.402\Microsoft.Common.CurrentVersion.targets" 프로젝트의 "DesignerRuntimeImplementationProjectOutputGroup" 대상을 "C:\Program Files\dotnet\sdk\7.0.402\Sdks\Microsoft.NET.Sdk\targets\Microsoft.NET.DesignerSupport.targets" 프로젝트의 "DesignerRuntimeImplementationProjectOutputGroup" 대상으로 재정의하고 있습니다.
       "C:\Program Files\dotnet\sdk\7.0.402\Microsoft.Common.CurrentVersion.targets" 프로젝트의 "Publish" 대상을 "C:\Program Files\dotnet\sdk\7.0.402\Sdks\Microsoft.NET.Sdk\targets\Microsoft.NET.Publish.targets" 프로젝트의 "Publish" 대상으로 재정의하고 있습니다.
       "C:\Program Files\dotnet\sdk\7.0.402\Sdks\Microsoft.NET.Sdk\targets\Microsoft.NET.CrossGen.targets" 프로젝트의 "ResolveReadyToRunCompilers" 대상을 "C:\Program Files\dotnet\sdk\7.0.402\Sdks\Microsoft.NET.Sdk\targets\Microsoft.NET.Publish.targets" 프로젝트의 "ResolveReadyToRunCompilers" 대상으로 재정의하고 있습니다.
       "C:\Program Files\dotnet\sdk\7.0.402\Microsoft.Common.CurrentVersion.targets" 프로젝트의 "GetCopyToPublishDirectoryItems" 대상을 "C:\Program Files\dotnet\sdk\7.0.402\Sdks\Microsoft.NET.Sdk\targets\Microsoft.NET.Publish.targets" 프로젝트의 "GetCopyToPublishDirectoryItems" 대상으로 재정의하고 있습니다.
   1:3>"E:\Unity\LH Editor_Refactoring\tools\FurnitureAuthoringTool\src\FurnitureAuthoring.Tool\FurnitureAuthoring.Tool.csproj"(1:3) 프로젝트가 1 노드에서 "E:\Unity\LH Editor_Refactoring\tools\FurnitureAuthoringTool\src\FurnitureAuthoring.Application\FurnitureAuthoring.Application.csproj"(2)을(를) 빌드하고 있습니다(_GenerateRestoreProjectPathWalk 대상).
     2>조건이 잘못되어 "_GenerateRestoreProjectPathItemsAllFrameworks" 대상을 건너뜁니다. ( '$(TargetFrameworks)' != '' )이(가) ( '' != '' )(으)로 확인되었습니다.
     2>"E:\Unity\LH Editor_Refactoring\tools\FurnitureAuthoringTool\src\FurnitureAuthoring.Application\FurnitureAuthoring.Application.csproj" 프로젝트의 "C:\Program Files\dotnet\sdk\7.0.402\NuGet.targets" 파일에 있는 "_GenerateRestoreProjectPathItemsPerFramework" 대상("_GenerateRestoreProjectPathItemsCurrentProject" 대상이 종속됨):
       "ConvertToAbsolutePath" 작업
         작업 매개 변수:
             Paths=
                 E:\Unity\LH Editor_Refactoring\tools\FurnitureAuthoringTool\src\FurnitureAuthoring.Domain\FurnitureAuthoring.Domain.csproj
                         OutputItemType=
                         ReferenceSourceTarget=ProjectReference
                         Targets=
                 E:\Unity\LH Editor_Refactoring\tools\FurnitureAuthoringTool\src\FurnitureAuthoring.Contracts\FurnitureAuthoring.Contracts.csproj
                         OutputItemType=
                         ReferenceSourceTarget=ProjectReference
                         Targets=
         출력 속성: _RestoreGraphAbsoluteProjectPaths=E:\Unity\LH Editor_Refactoring\tools\FurnitureAuthoringTool\src\FurnitureAuthoring.Domain\FurnitureAuthoring.Domain.csproj;E:\Unity\LH Editor_Refactoring\tools\FurnitureAuthoringTool\src\FurnitureAuthoring.Contracts\FurnitureAuthoring.Contracts.csproj
       "ConvertToAbsolutePath" 작업을 실행했습니다.
       추가된 항목: 
           _RestoreProjectPathItems=
               E:\Unity\LH Editor_Refactoring\tools\FurnitureAuthoringTool\src\FurnitureAuthoring.Domain\FurnitureAuthoring.Domain.csproj
               E:\Unity\LH Editor_Refactoring\tools\FurnitureAuthoringTool\src\FurnitureAuthoring.Contracts\FurnitureAuthoring.Contracts.csproj
     2>"FurnitureAuthoring.Application.csproj" 프로젝트에 "_GenerateRestoreProjectPathItemsPerFramework" 대상을 빌드했습니다.
     2>"E:\Unity\LH Editor_Refactoring\tools\FurnitureAuthoringTool\src\FurnitureAuthoring.Application\FurnitureAuthoring.Application.csproj" 프로젝트의 "C:\Program Files\dotnet\sdk\7.0.402\NuGet.targets" 파일에 있는 "_GenerateRestoreProjectPathItemsCurrentProject" 대상("_GenerateRestoreProjectPathItems" 대상이 종속됨):
     2>"FurnitureAuthoring.Application.csproj" 프로젝트에 "_GenerateRestoreProjectPathItemsCurrentProject" 대상을 빌드했습니다.
     2>"E:\Unity\LH Editor_Refactoring\tools\FurnitureAuthoringTool\src\FurnitureAuthoring.Application\FurnitureAuthoring.Application.csproj" 프로젝트의 "C:\Program Files\dotnet\sdk\7.0.402\NuGet.targets" 파일에 있는 "_GenerateRestoreProjectPathItems" 대상("_GenerateRestoreProjectPathWalk" 대상이 종속됨):
       "RemoveDuplicates" 작업
         출력 항목: 
             _CurrentRestoreProjectPathItems=
                 E:\Unity\LH Editor_Refactoring\tools\FurnitureAuthoringTool\src\FurnitureAuthoring.Domain\FurnitureAuthoring.Domain.csproj
                 E:\Unity\LH Editor_Refactoring\tools\FurnitureAuthoringTool\src\FurnitureAuthoring.Contracts\FurnitureAuthoring.Contracts.csproj
       "RemoveDuplicates" 작업을 실행했습니다.
     2>"FurnitureAuthoring.Application.csproj" 프로젝트에 "_GenerateRestoreProjectPathItems" 대상을 빌드했습니다.
     2>"E:\Unity\LH Editor_Refactoring\tools\FurnitureAuthoringTool\src\FurnitureAuthoring.Application\FurnitureAuthoring.Application.csproj" 프로젝트의 "C:\Program Files\dotnet\sdk\7.0.402\NuGet.targets" 파일에 있는 "_GenerateRestoreProjectPathWalk" 대상(진입점):
       "MSBuild" 작업
         작업 매개 변수:
             Projects=
                 E:\Unity\LH Editor_Refactoring\tools\FurnitureAuthoringTool\src\FurnitureAuthoring.Domain\FurnitureAuthoring.Domain.csproj
                 E:\Unity\LH Editor_Refactoring\tools\FurnitureAuthoringTool\src\FurnitureAuthoring.Contracts\FurnitureAuthoring.Contracts.csproj
         작업 매개 변수:Targets=_GenerateRestoreProjectPathWalk
         작업 매개 변수:SkipNonexistentTargets=True
         작업 매개 변수:BuildInParallel=True
         작업 매개 변수:SkipNonexistentProjects=true
         작업 매개 변수:Properties=ExcludeRestorePackageImports=true
         전역 속성:
           ExcludeRestorePackageImports=true
   1:3>"MSBuild" 작업을 실행했습니다. - 실패
     1>"MSBuild" 작업을 실행했습니다. - 실패
   1:3>"FurnitureAuthoring.Tool.csproj" 프로젝트에 "_GenerateRestoreProjectPathWalk" 대상을 빌드했습니다. - 실패
     1>"FurnitureAuthoring.Tool.csproj" 프로젝트에 "_GetAllRestoreProjectPathItems" 대상을 빌드했습니다. - 실패
     2>"MSBuild" 작업을 실행했습니다. - 실패
     2>"FurnitureAuthoring.Application.csproj" 프로젝트에 "_GenerateRestoreProjectPathWalk" 대상을 빌드했습니다. - 실패
     2>"E:\Unity\LH Editor_Refactoring\tools\FurnitureAuthoringTool\src\FurnitureAuthoring.Application\FurnitureAuthoring.Application.csproj" 프로젝트를 빌드했습니다(_GenerateRestoreProjectPathWalk 대상). - 실패
   1:3>"E:\Unity\LH Editor_Refactoring\tools\FurnitureAuthoringTool\src\FurnitureAuthoring.Tool\FurnitureAuthoring.Tool.csproj" 프로젝트를 빌드했습니다(_GenerateRestoreProjectPathWalk 대상). - 실패
     1>"E:\Unity\LH Editor_Refactoring\tools\FurnitureAuthoringTool\src\FurnitureAuthoring.Tool\FurnitureAuthoring.Tool.csproj" 프로젝트를 빌드했습니다(Restore 대상). - 실패

빌드했습니다.
    경고 0개
    오류 0개

경과 시간: 00:00:01.75
